hell destroyed.
hell destroyed.
hell destroyed.
hell destroyed.
hell destroyed.
hell destroyed.
hell destroyed.
hell destroyed.
hell destroyed.
hell destroyed.
hell destroyed.
hell destroyed.
hell destroyed.
hell destroyed.
hell destroyed.
hell destroyed.
hell destroyed.
hell destroyed.
hell destroyed.
hell destroyed.
hell destroyed.
hell destroyed.
hell destroyed.
hell destroyed.
hell destroyed.
hell destroyed.
hell destroyed.
hell destroyed.
hell destroyed.
hell destroyed.
hell destroyed.
hell destroyed.
hell destroyed.
hell destroyed.
hell destroyed.
hell destroyed.
hell destroyed.
hell destroyed.
hell destroyed.
hell destroyed.
hell destroyed.
hell destroyed.
hell destroyed.
hell destroyed.
hell destroyed.
hell destroyed.
hell destroyed.
hell destroyed.
hell destroyed.
hell destroyed.
hell destroyed.
hell destroyed.
hell destroyed.
hell destroyed.
hell destroyed.
hell destroyed.
hell destroyed.
hell destroyed.
hell destroyed.
hell destroyed.
hell destroyed.
hell destroyed.
hell destroyed.
hell destroyed.
hell destroyed.
hell destroyed.
hell destroyed.
hell destroyed.
hell destroyed.
hell destroyed.
hell destroyed.
hell destroyed.
hell destroyed.
hell destroyed.
hell destroyed.
hell destroyed.
hell destroyed.
hell destroyed.
hell destroyed.
hell destroyed.
hell destroyed.
hell destroyed.
hell destroyed.
hell destroyed.
hell destroyed.
hell destroyed.
hell destroyed.
hell destroyed.
hell destroyed.
hell destroyed.
hell destroyed.
hell destroyed.
hell destroyed.
hell destroyed.
hell destroyed.
hell destroyed.
hell destroyed.
hell destroyed.
hell destroyed.
hell destroyed.
hell destroyed.
hell destroyed.
hell destroyed.
hell destroyed.
hell destroyed.
hell destroyed.
hell destroyed.
hell destroyed.
hell destroyed.
hell destroyed.
hell destroyed.
hell destroyed.
hell destroyed.
hell destroyed.
hell destroyed.
hell destroyed.
hell destroyed.
hell destroyed.
hell destroyed.
hell destroyed.
hell destroyed.
hell destroyed.
hell destroyed.
hell destroyed.
hell destroyed.
hell destroyed.
hell destroyed.
hell destroyed.
hell destroyed.
hell destroyed.
hell destroyed.
hell destroyed.
hell destroyed.
hell destroyed.
hell destroyed.
hell destroyed.
hell destroyed.
hell destroyed.
hell destroyed.
hell destroyed.
hell destroyed.
hell destroyed.
hell destroyed.
hell destroyed.
hell destroyed.
hell destroyed.
hell destroyed.
hell destroyed.
hell destroyed.
hell destroyed.
hell destroyed.
hell destroyed.
hell destroyed.
hell destroyed.
hell destroyed.
hell destroyed.
hell destroyed.
hell destroyed.
hell destroyed.
hell destroyed.
hell destroyed.
hell destroyed.
hell destroyed.
hell destroyed.
hell destroyed.
hell destroyed.
hell destroyed.
hell destroyed.
hell destroyed.
hell destroyed.
hell destroyed.
hell destroyed.
hell destroyed.
hell destroyed.
hell destroyed.
hell destroyed.
hell destroyed.
hell destroyed.
hell destroyed.
hell destroyed.
hell destroyed.
hell destroyed.
hell destroyed.
hell destroyed.
hell destroyed.
hell destroyed.
hell destroyed.
hell destroyed.
hell destroyed.
hell destroyed.
hell destroyed.
hell destroyed.
hell destroyed.
hell destroyed.
hell destroyed.
hell destroyed.
hell destroyed.
hell destroyed.
hell destroyed.
hell destroyed.
hell destroyed.
hell destroyed.
hell destroyed.
hell destroyed.
hell destroyed.
hell destroyed.
hell destroyed.
hell destroyed.
hell destroyed.
hell destroyed.
hell destroyed.
hell destroyed.
hell destroyed.
hell destroyed.
hell destroyed.
hell destroyed.
hell destroyed.
hell destroyed.
hell destroyed.
hell destroyed.
hell destroyed.
hell destroyed.
hell destroyed.
hell destroyed.
hell destroyed.
hell destroyed.
hell destroyed.
hell destroyed.
hell destroyed.
hell destroyed.
hell destroyed.
hell destroyed.
hell destroyed.
hell destroyed.
hell destroyed.
hell destroyed.
hell destroyed.
hell destroyed.
hell destroyed.
hell destroyed.
hell destroyed.
hell destroyed.
hell destroyed.
hell destroyed.
hell destroyed.
hell destroyed.
hell destroyed.
hell destroyed.
hell destroyed.
hell destroyed.
hell destroyed.
hell destroyed.
hell destroyed.
hell destroyed.
hell destroyed.
hell destroyed.
hell destroyed.
hell destroyed.
hell destroyed.
hell destroyed.
hell destroyed.
hell destroyed.
hell destroyed.
hell destroyed.
hell destroyed.
hell destroyed.
hell destroyed.
hell destroyed.
hell destroyed.
hell destroyed.
hell destroyed.
hell destroyed.
hell destroyed.
hell destroyed.
hell destroyed.
hell destroyed.
hell destroyed.
hell destroyed.
hell destroyed.
hell destroyed.
hell destroyed.
hell destroyed.
hell destroyed.
hell destroyed.
hell destroyed.
hell destroyed.
hell destroyed.
hell destroyed.
hell destroyed.
hell destroyed.
hell destroyed.
hell destroyed.
hell destroyed.
hell destroyed.
hell destroyed.
hell destroyed.
hell destroyed.
hell destroyed.
hell destroyed.
hell destroyed.
hell destroyed.
hell destroyed.
hell destroyed.
hell destroyed.
hell destroyed.
hell destroyed.
hell destroyed.
hell destroyed.
hell destroyed.
hell destroyed.
hell destroyed.
hell destroyed.
hell destroyed.
hell destroyed.
hell destroyed.
hell destroyed.
hell destroyed.
hell destroyed.
hell destroyed.
hell destroyed.
hell destroyed.
hell destroyed.
hell destroyed.
hell destroyed.
hell destroyed.
hell destroyed.
hell destroyed.
hell destroyed.
hell destroyed.
hell destroyed.
hell destroyed.
hell destroyed.
hell destroyed.
hell destroyed.
hell destroyed.
hell destroyed.
hell destroyed.
hell destroyed.
hell destroyed.
hell destroyed.
hell destroyed.
hell destroyed.
hell destroyed.
hell destroyed.
hell destroyed.
hell destroyed.
hell destroyed.
hell destroyed.
hell destroyed.
hell destroyed.
hell destroyed.
hell destroyed.
hell destroyed.
hell destroyed.
hell destroyed.
hell destroyed.
hell destroyed.
hell destroyed.
hell destroyed.
hell destroyed.
hell destroyed.
hell destroyed.
hell destroyed.
hell destroyed.
hell destroyed.
hell destroyed.
hell destroyed.
hell destroyed.
hell destroyed.
hell destroyed.
hell destroyed.
hell destroyed.
hell destroyed.
hell destroyed.
hell destroyed.
hell destroyed.
hell destroyed.
hell destroyed.
hell destroyed.
hell destroyed.
hell destroyed.
hell destroyed.
hell destroyed.
hell destroyed.
hell destroyed.
hell destroyed.
hell destroyed.
hell destroyed.
hell destroyed.
hell destroyed.
hell destroyed.
hell destroyed.
hell destroyed.
hell destroyed.
hell destroyed.
hell destroyed.
hell destroyed.
hell destroyed.
hell destroyed.
hell destroyed.
hell destroyed.
hell destroyed.
hell destroyed.
hell destroyed.
hell destroyed.
hell destroyed.
hell destroyed.
hell destroyed.
hell destroyed.
hell destroyed.
hell destroyed.
hell destroyed.
hell destroyed.
hell destroyed.
hell destroyed.
hell destroyed.
hell destroyed.
hell destroyed.
hell destroyed.
hell destroyed.
hell destroyed.
hell destroyed.
hell destroyed.
hell destroyed.
hell destroyed.
hell destroyed.
hell destroyed.
hell destroyed.
hell destroyed.
hell destroyed.
hell destroyed.
hell destroyed.
hell destroyed.
hell destroyed.
hell destroyed.
hell destroyed.
hell destroyed.
hell destroyed.
hell destroyed.
hell destroyed.
hell destroyed.
hell destroyed.
hell destroyed.
hell destroyed.
hell destroyed.
hell destroyed.
hell destroyed.
hell destroyed.
hell destroyed.
hell destroyed.
hell destroyed.
hell destroyed.
hell destroyed.
hell destroyed.
hell destroyed.
hell destroyed.
hell destroyed.
hell destroyed.
hell destroyed.
hell destroyed.
hell destroyed.
hell destroyed.
hell destroyed.
hell destroyed.
hell destroyed.
hell destroyed.
hell destroyed.
hell destroyed.
hell destroyed.
hell destroyed.
hell destroyed.
hell destroyed.
hell destroyed.
hell destroyed.
hell destroyed.
hell destroyed.
hell destroyed.
hell destroyed.
hell destroyed.
hell destroyed.
hell destroyed.
hell destroyed.
hell destroyed.
hell destroyed.
hell destroyed.
hell destroyed.
hell destroyed.
hell destroyed.
hell destroyed.
hell destroyed.
hell destroyed.
hell destroyed.
hell destroyed.
hell destroyed.
hell destroyed.
hell destroyed.
hell destroyed.
hell destroyed.
hell destroyed.
hell destroyed.
hell destroyed.
hell destroyed.
hell destroyed.
hell destroyed.
hell destroyed.
hell destroyed.
hell destroyed.
hell destroyed.
hell destroyed.
hell destroyed.
hell destroyed.
hell destroyed.
hell destroyed.
hell destroyed.
hell destroyed.
hell destroyed.
hell destroyed.
hell destroyed.
hell destroyed.
hell destroyed.
hell destroyed.
hell destroyed.
hell destroyed.
hell destroyed.
hell destroyed.
hell destroyed.
hell destroyed.
hell destroyed.
hell destroyed.
hell destroyed.
hell destroyed.
hell destroyed.
hell destroyed.
hell destroyed.
hell destroyed.
hell destroyed.
hell destroyed.
hell destroyed.
hell destroyed.
hell destroyed.
hell destroyed.
hell destroyed.
hell destroyed.
hell destroyed.
hell destroyed.
hell destroyed.
hell destroyed.
hell destroyed.
hell destroyed.
hell destroyed.
hell destroyed.
hell destroyed.
hell destroyed.
hell destroyed.
hell destroyed.
hell destroyed.
hell destroyed.
hell destroyed.
hell destroyed.
hell destroyed.
hell destroyed.
hell destroyed.
hell destroyed.
hell destroyed.
hell destroyed.
hell destroyed.
hell destroyed.
hell destroyed.
hell destroyed.
hell destroyed.
hell destroyed.
hell destroyed.
hell destroyed.
hell destroyed.
hell destroyed.
hell destroyed.
hell destroyed.
hell destroyed.
hell destroyed.
hell destroyed.
hell destroyed.
hell destroyed.
hell destroyed.
hell destroyed.
hell destroyed.
hell destroyed.
hell destroyed.
hell destroyed.
hell destroyed.
hell destroyed.
hell destroyed.
hell destroyed.
hell destroyed.
hell destroyed.
hell destroyed.
hell destroyed.
hell destroyed.
hell destroyed.
hell destroyed.
hell destroyed.
hell destroyed.
hell destroyed.
hell destroyed.
hell destroyed.
hell destroyed.
hell destroyed.
hell destroyed.
hell destroyed.
hell destroyed.
hell destroyed.
hell destroyed.
hell destroyed.
hell destroyed.
hell destroyed.
hell destroyed.
hell destroyed.
hell destroyed.
hell destroyed.
hell destroyed.
hell destroyed.
hell destroyed.
hell destroyed.
hell destroyed.
hell destroyed.
hell destroyed.
hell destroyed.
hell destroyed.
hell destroyed.
hell destroyed.
hell destroyed.
hell destroyed.
hell destroyed.
hell destroyed.
hell destroyed.
hell destroyed.
hell destroyed.
hell destroyed.
hell destroyed.
hell destroyed.
hell destroyed.
hell destroyed.
hell destroyed.
hell destroyed.
hell destroyed.
hell destroyed.
hell destroyed.
hell destroyed.
hell destroyed.
hell destroyed.
hell destroyed.
hell destroyed.
hell destroyed.
hell destroyed.
hell destroyed.
hell destroyed.
hell destroyed.
hell destroyed.
hell destroyed.
hell destroyed.
hell destroyed.
hell destroyed.
hell destroyed.
hell destroyed.
hell destroyed.
hell destroyed.
hell destroyed.
hell destroyed.
hell destroyed.
hell destroyed.
hell destroyed.
hell destroyed.
hell destroyed.
hell destroyed.
hell destroyed.
hell destroyed.
hell destroyed.
hell destroyed.
hell destroyed.
hell destroyed.
hell destroyed.
hell destroyed.
hell destroyed.
hell destroyed.
hell destroyed.
hell destroyed.
hell destroyed.
hell destroyed.
hell destroyed.
hell destroyed.
hell destroyed.
hell destroyed.
hell destroyed.
hell destroyed.
hell destroyed.
hell destroyed.
hell destroyed.
hell destroyed.
hell destroyed.
hell destroyed.
hell destroyed.
hell destroyed.
hell destroyed.
hell destroyed.
hell destroyed.
hell destroyed.
hell destroyed.
hell destroyed.
hell destroyed.
hell destroyed.
hell destroyed.
hell destroyed.
hell destroyed.
hell destroyed.
hell destroyed.
hell destroyed.
hell destroyed.
hell destroyed.
hell destroyed.
hell destroyed.
hell destroyed.
hell destroyed.
hell destroyed.
hell destroyed.
hell destroyed.
hell destroyed.
hell destroyed.
hell destroyed.
hell destroyed.
hell destroyed.
hell destroyed.
hell destroyed.
hell destroyed.
hell destroyed.
hell destroyed.
hell destroyed.
hell destroyed.
hell destroyed.
hell destroyed.
hell destroyed.
hell destroyed.
hell destroyed.
hell destroyed.
hell destroyed.
hell destroyed.
hell destroyed.
hell destroyed.
hell destroyed.
hell destroyed.
hell destroyed.
hell destroyed.
hell destroyed.
hell destroyed.
hell destroyed.
hell destroyed.
hell destroyed.
hell destroyed.
hell destroyed.
hell destroyed.
hell destroyed.
hell destroyed.
hell destroyed.
hell destroyed.
hell destroyed.
hell destroyed.
hell destroyed.
hell destroyed.
hell destroyed.
hell destroyed.
hell destroyed.
hell destroyed.
hell destroyed.
hell destroyed.
hell destroyed.
hell destroyed.
hell destroyed.
hell destroyed.
hell destroyed.
hell destroyed.
hell destroyed.
hell destroyed.
hell destroyed.
hell destroyed.
hell destroyed.
hell destroyed.
hell destroyed.
hell destroyed.
hell destroyed.
hell destroyed.
hell destroyed.
hell destroyed.
hell destroyed.
hell destroyed.
hell destroyed.
hell destroyed.
hell destroyed.
hell destroyed.
hell destroyed.
hell destroyed.
hell destroyed.
hell destroyed.
hell destroyed.
hell destroyed.
hell destroyed.
hell destroyed.
hell destroyed.
hell destroyed.
hell destroyed.
hell destroyed.
hell destroyed.
hell destroyed.
hell destroyed.
hell destroyed.
hell destroyed.
hell destroyed.
hell destroyed.
hell destroyed.
hell destroyed.
hell destroyed.
hell destroyed.
hell destroyed.
hell destroyed.
hell destroyed.
hell destroyed.
hell destroyed.
hell destroyed.
hell destroyed.
hell destroyed.
hell destroyed.
hell destroyed.
hell destroyed.
hell destroyed.
hell destroyed.
hell destroyed.
hell destroyed.
hell destroyed.
hell destroyed.
hell destroyed.
hell destroyed.
hell destroyed.
hell destroyed.
hell destroyed.
hell destroyed.
hell destroyed.
hell destroyed.
hell destroyed.
hell destroyed.
hell destroyed.
hell destroyed.
hell destroyed.
hell destroyed.
hell destroyed.
hell destroyed.
hell destroyed.
hell destroyed.
hell destroyed.
hell destroyed.
hell destroyed.
hell destroyed.
hell destroyed.
hell destroyed.
hell destroyed.
hell destroyed.
hell destroyed.
hell destroyed.
hell destroyed.
hell destroyed.
hell destroyed.
hell destroyed.
hell destroyed.
hell destroyed.
hell destroyed.
hell destroyed.
hell destroyed.
hell destroyed.
hell destroyed.
hell destroyed.
hell destroyed.
hell destroyed.
hell destroyed.
hell destroyed.
hell destroyed.
hell destroyed.
hell destroyed.
hell destroyed.
hell destroyed.
hell destroyed.
hell destroyed.
hell destroyed.
hell destroyed.
hell destroyed.
hell destroyed.
hell destroyed.
hell destroyed.
hell destroyed.
hell destroyed.
hell destroyed.
hell destroyed.
hell destroyed.
hell destroyed.
hell destroyed.
hell destroyed.
hell destroyed.
hell destroyed.
hell destroyed.
hell destroyed.
hell destroyed.
hell destroyed.
hell destroyed.
hell destroyed.
hell destroyed.
hell destroyed.
hell destroyed.
hell destroyed.
hell destroyed.
hell destroyed.
hell destroyed.
hell destroyed.
hell destroyed.
hell destroyed.
hell destroyed.
hell destroyed.
hell destroyed.
hell destroyed.
hell destroyed.
hell destroyed.
hell destroyed.
hell destroyed.
hell destroyed.
hell destroyed.
hell destroyed.
hell destroyed.
hell destroyed.
hell destroyed.
hell destroyed.
hell destroyed.
hell destroyed.
hell destroyed.
hell destroyed.
hell destroyed.
hell destroyed.
hell destroyed.
hell destroyed.
hell destroyed.
hell destroyed.
hell destroyed.
hell destroyed.
hell destroyed.
hell destroyed.
hell destroyed.
hell destroyed.
hell destroyed.
hell destroyed.
hell destroyed.
hell destroyed.
hell destroyed.
hell destroyed.
hell destroyed.
hell destroyed.
hell destroyed.
hell destroyed.
hell destroyed.
hell destroyed.
hell destroyed.
hell destroyed.
hell destroyed.
hell destroyed.
hell destroyed.
hell destroyed.
hell destroyed.
hell destroyed.
hell destroyed.
hell destroyed.
hell destroyed.
hell destroyed.
hell destroyed.
hell destroyed.
hell destroyed.
hell destroyed.
hell destroyed.
hell destroyed.
hell destroyed.
hell destroyed.
hell destroyed.
hell destroyed.
hell destroyed.
hell destroyed.
hell destroyed.
hell destroyed.
hell destroyed.
hell destroyed.
hell destroyed.
hell destroyed.
hell destroyed.
hell destroyed.
hell destroyed.
hell destroyed.
hell destroyed.
hell destroyed.
hell destroyed.
hell destroyed.
hell destroyed.
hell destroyed.
hell destroyed.
hell destroyed.
hell destroyed.
hell destroyed.
hell destroyed.
hell destroyed.
hell destroyed.
hell destroyed.
hell destroyed.
hell destroyed.
hell destroyed.
hell destroyed.
hell destroyed.
hell destroyed.
hell destroyed.
hell destroyed.
hell destroyed.
hell destroyed.
hell destroyed.
hell destroyed.
hell destroyed.
hell destroyed.
hell destroyed.
hell destroyed.
hell destroyed.
hell destroyed.
hell destroyed.
hell destroyed.
hell destroyed.
hell destroyed.
hell destroyed.
hell destroyed.
hell destroyed.
hell destroyed.
hell destroyed.
hell destroyed.
hell destroyed.
hell destroyed.
hell destroyed.
hell destroyed.
hell destroyed.
hell destroyed.
hell destroyed.
hell destroyed.
hell destroyed.
hell destroyed.
hell destroyed.
hell destroyed.
hell destroyed.
hell destroyed.
hell destroyed.
hell destroyed.
hell destroyed.
hell destroyed.
hell destroyed.
hell destroyed.
hell destroyed.
hell destroyed.
hell destroyed.
hell destroyed.
hell destroyed.
hell destroyed.
hell destroyed.
hell destroyed.
hell destroyed.
hell destroyed.
hell destroyed.
hell destroyed.
hell destroyed.
hell destroyed.
hell destroyed.
hell destroyed.
hell destroyed.
hell destroyed.
hell destroyed.
hell destroyed.
hell destroyed.
hell destroyed.
hell destroyed.
hell destroyed.
hell destroyed.
hell destroyed.
hell destroyed.
hell destroyed.
hell destroyed.
hell destroyed.
hell destroyed.
hell destroyed.
hell destroyed.
hell destroyed.
hell destroyed.
hell destroyed.
hell destroyed.
hell destroyed.
hell destroyed.
hell destroyed.
hell destroyed.
hell destroyed.
hell destroyed.
hell destroyed.
hell destroyed.
hell destroyed.
hell destroyed.
hell destroyed.
hell destroyed.
hell destroyed.
hell destroyed.
hell destroyed.
hell destroyed.
hell destroyed.
hell destroyed.
hell destroyed.
hell destroyed.
hell destroyed.
hell destroyed.
hell destroyed.
hell destroyed.
hell destroyed.
hell destroyed.
hell destroyed.
hell destroyed.
hell destroyed.
hell destroyed.
hell destroyed.
hell destroyed.
hell destroyed.
hell destroyed.
hell destroyed.
hell destroyed.
hell destroyed.
hell destroyed.
hell destroyed.
hell destroyed.
hell destroyed.
hell destroyed.
hell destroyed.
hell destroyed.
hell destroyed.
hell destroyed.
hell destroyed.
hell destroyed.
hell destroyed.
hell destroyed.
hell destroyed.
hell destroyed.
hell destroyed.
hell destroyed.
hell destroyed.
hell destroyed.
hell destroyed.
hell destroyed.
hell destroyed.
hell destroyed.
hell destroyed.
hell destroyed.
hell destroyed.
hell destroyed.
hell destroyed.
hell destroyed.
hell destroyed.
hell destroyed.
hell destroyed.
hell destroyed.
hell destroyed.
hell destroyed.
hell destroyed.
hell destroyed.
hell destroyed.
hell destroyed.
hell destroyed.
hell destroyed.
hell destroyed.
hell destroyed.
hell destroyed.
hell destroyed.
hell destroyed.
hell destroyed.
hell destroyed.
hell destroyed.
hell destroyed.
hell destroyed.
hell destroyed.
hell destroyed.
hell destroyed.
hell destroyed.
hell destroyed.
hell destroyed.
hell destroyed.
hell destroyed.
hell destroyed.
hell destroyed.
hell destroyed.
hell destroyed.
hell destroyed.
hell destroyed.
hell destroyed.
hell destroyed.
hell destroyed.
hell destroyed.
hell destroyed.
hell destroyed.
hell destroyed.
hell destroyed.
hell destroyed.
hell destroyed.
hell destroyed.
hell destroyed.
hell destroyed.
hell destroyed.
hell destroyed.
hell destroyed.
hell destroyed.
hell destroyed.
hell destroyed.
hell destroyed.
hell destroyed.
hell destroyed.
hell destroyed.
hell destroyed.
hell destroyed.
hell destroyed.
hell destroyed.
hell destroyed.
hell destroyed.
hell destroyed.
hell destroyed.
hell destroyed.
hell destroyed.
hell destroyed.
hell destroyed.
hell destroyed.
hell destroyed.
hell destroyed.
hell destroyed.
hell destroyed.
hell destroyed.
hell destroyed.
hell destroyed.
hell destroyed.
hell destroyed.
hell destroyed.
hell destroyed.
hell destroyed.
hell destroyed.
hell destroyed.
hell destroyed.
hell destroyed.
hell destroyed.
hell destroyed.
hell destroyed.
hell destroyed.
hell destroyed.
hell destroyed.
hell destroyed.
hell destroyed.
hell destroyed.
hell destroyed.
hell destroyed.
hell destroyed.
hell destroyed.
hell destroyed.
hell destroyed.
hell destroyed.
hell destroyed.
hell destroyed.
hell destroyed.
hell destroyed.
hell destroyed.
hell destroyed.
hell destroyed.
hell destroyed.
hell destroyed.
hell destroyed.
hell destroyed.
hell destroyed.
hell destroyed.
hell destroyed.
hell destroyed.
hell destroyed.
hell destroyed.
hell destroyed.
hell destroyed.
hell destroyed.
hell destroyed.
hell destroyed.
hell destroyed.
hell destroyed.
hell destroyed.
hell destroyed.
hell destroyed.
hell destroyed.
hell destroyed.
hell destroyed.
hell destroyed.
hell destroyed.
hell destroyed.
hell destroyed.
hell destroyed.
hell destroyed.
hell destroyed.
hell destroyed.
hell destroyed.
hell destroyed.
hell destroyed.
hell destroyed.
hell destroyed.
hell destroyed.
hell destroyed.
hell destroyed.
hell destroyed.
hell destroyed.
hell destroyed.
hell destroyed.
hell destroyed.
hell destroyed.
hell destroyed.
hell destroyed.
hell destroyed.
hell destroyed.
hell destroyed.
hell destroyed.
hell destroyed.
hell destroyed.
hell destroyed.
hell destroyed.
hell destroyed.
hell destroyed.
hell destroyed.
hell destroyed.
hell destroyed.
hell destroyed.
hell destroyed.
hell destroyed.
hell destroyed.
hell destroyed.
hell destroyed.
hell destroyed.
hell destroyed.
hell destroyed.
hell destroyed.
hell destroyed.
hell destroyed.
hell destroyed.
hell destroyed.
hell destroyed.
hell destroyed.
hell destroyed.
hell destroyed.
hell destroyed.
hell destroyed.
hell destroyed.
hell destroyed.
hell destroyed.
hell destroyed.
hell destroyed.
hell destroyed.
hell destroyed.
hell destroyed.
hell destroyed.
hell destroyed.
hell destroyed.
hell destroyed.
hell destroyed.
hell destroyed.
hell destroyed.
hell destroyed.
hell destroyed.
hell destroyed.
hell destroyed.
hell destroyed.
hell destroyed.
hell destroyed.
hell destroyed.
hell destroyed.
hell destroyed.
hell destroyed.
hell destroyed.
hell destroyed.
hell destroyed.
hell destroyed.
hell destroyed.
hell destroyed.
hell destroyed.
hell destroyed.
hell destroyed.
hell destroyed.
hell destroyed.
hell destroyed.
hell destroyed.
hell destroyed.
hell destroyed.
hell destroyed.
hell destroyed.
hell destroyed.
hell destroyed.
hell destroyed.
hell destroyed.
hell destroyed.
hell destroyed.
hell destroyed.
hell destroyed.
hell destroyed.
hell destroyed.
hell destroyed.
hell destroyed.
hell destroyed.
hell destroyed.
hell destroyed.
hell destroyed.
hell destroyed.
hell destroyed.
hell destroyed.
hell destroyed.
hell destroyed.
hell destroyed.
hell destroyed.
hell destroyed.
hell destroyed.
hell destroyed.
hell destroyed.
hell destroyed.
hell destroyed.
hell destroyed.
hell destroyed.
hell destroyed.
hell destroyed.
hell destroyed.
hell destroyed.
hell destroyed.
hell destroyed.
hell destroyed.
hell destroyed.
hell destroyed.
hell destroyed.
hell destroyed.
hell destroyed.
hell destroyed.
hell destroyed.
hell destroyed.
hell destroyed.
hell destroyed.
hell destroyed.
hell destroyed.
hell destroyed.
hell destroyed.
hell destroyed.
hell destroyed.
hell destroyed.
hell destroyed.
hell destroyed.
hell destroyed.
hell destroyed.
hell destroyed.
hell destroyed.
hell destroyed.
hell destroyed.
hell destroyed.
hell destroyed.
hell destroyed.
hell destroyed.
hell destroyed.
hell destroyed.
hell destroyed.
hell destroyed.
hell destroyed.
hell destroyed.
hell destroyed.
hell destroyed.
hell destroyed.
hell destroyed.
hell destroyed.
hell destroyed.
hell destroyed.
hell destroyed.
hell destroyed.
hell destroyed.
hell destroyed.
hell destroyed.
hell destroyed.
hell destroyed.
hell destroyed.
hell destroyed.
hell destroyed.
hell destroyed.
hell destroyed.
hell destroyed.
hell destroyed.
hell destroyed.
hell destroyed.
hell destroyed.
hell destroyed.
hell destroyed.
hell destroyed.
hell destroyed.
hell destroyed.
hell destroyed.
hell destroyed.
hell destroyed.
hell destroyed.
hell destroyed.
hell destroyed.
hell destroyed.
hell destroyed.
hell destroyed.
hell destroyed.
hell destroyed.
hell destroyed.
hell destroyed.
hell destroyed.
hell destroyed.
hell destroyed.
hell destroyed.
hell destroyed.
hell destroyed.
hell destroyed.
hell destroyed.
hell destroyed.
hell destroyed.
hell destroyed.
hell destroyed.
hell destroyed.
hell destroyed.
hell destroyed.
hell destroyed.
hell destroyed.
hell destroyed.
hell destroyed.
hell destroyed.
hell destroyed.
hell destroyed.
hell destroyed.
hell destroyed.
hell destroyed.
hell destroyed.
hell destroyed.
hell destroyed.
hell destroyed.
hell destroyed.
hell destroyed.
hell destroyed.
hell destroyed.
hell destroyed.
hell destroyed.
hell destroyed.
hell destroyed.
hell destroyed.
hell destroyed.
hell destroyed.
hell destroyed.
hell destroyed.
hell destroyed.
hell destroyed.
hell destroyed.
hell destroyed.
hell destroyed.
hell destroyed.
hell destroyed.
hell destroyed.
hell destroyed.
hell destroyed.
hell destroyed.
hell destroyed.
hell destroyed.
hell destroyed.
hell destroyed.
hell destroyed.
hell destroyed.
hell destroyed.
hell destroyed.
hell destroyed.
hell destroyed.
hell destroyed.
hell destroyed.
hell destroyed.
hell destroyed.
hell destroyed.
hell destroyed.
hell destroyed.
hell destroyed.
hell destroyed.
hell destroyed.
hell destroyed.
hell destroyed.
hell destroyed.
hell destroyed.
hell destroyed.
hell destroyed.
hell destroyed.
hell destroyed.
hell destroyed.
hell destroyed.
hell destroyed.
hell destroyed.
hell destroyed.
hell destroyed.
hell destroyed.
hell destroyed.
hell destroyed.
hell destroyed.
hell destroyed.
hell destroyed.
hell destroyed.
hell destroyed.
hell destroyed.
hell destroyed.
hell destroyed.
hell destroyed.
hell destroyed.
hell destroyed.
hell destroyed.
hell destroyed.
hell destroyed.
hell destroyed.
hell destroyed.
hell destroyed.
hell destroyed.
hell destroyed.
hell destroyed.
hell destroyed.
hell destroyed.
hell destroyed.
hell destroyed.
hell destroyed.
hell destroyed.
hell destroyed.
hell destroyed.
hell destroyed.
hell destroyed.
hell destroyed.
hell destroyed.
hell destroyed.
hell destroyed.
hell destroyed.
hell destroyed.
hell destroyed.
hell destroyed.
hell destroyed.
hell destroyed.
hell destroyed.
hell destroyed.
hell destroyed.
hell destroyed.
hell destroyed.
hell destroyed.
hell destroyed.
hell destroyed.
hell destroyed.
hell destroyed.
hell destroyed.
hell destroyed.
hell destroyed.
hell destroyed.
hell destroyed.
hell destroyed.
hell destroyed.
hell destroyed.
hell destroyed.
hell destroyed.
hell destroyed.
hell destroyed.
hell destroyed.
hell destroyed.
hell destroyed.
hell destroyed.
hell destroyed.
hell destroyed.
hell destroyed.
hell destroyed.
hell destroyed.
hell destroyed.
hell destroyed.
hell destroyed.
hell destroyed.
hell destroyed.
hell destroyed.
hell destroyed.
hell destroyed.
hell destroyed.
hell destroyed.
hell destroyed.
hell destroyed.
hell destroyed.
hell destroyed.
hell destroyed.
hell destroyed.
hell destroyed.
hell destroyed.
hell destroyed.
hell destroyed.
hell destroyed.
hell destroyed.
hell destroyed.
hell destroyed.
hell destroyed.
hell destroyed.
hell destroyed.
hell destroyed.
hell destroyed.
hell destroyed.
hell destroyed.
hell destroyed.
hell destroyed.
hell destroyed.
hell destroyed.
hell destroyed.
hell destroyed.
hell destroyed.
hell destroyed.
hell destroyed.
hell destroyed.
hell destroyed.
hell destroyed.
hell destroyed.
hell destroyed.
hell destroyed.
hell destroyed.
hell destroyed.
hell destroyed.
hell destroyed.
hell destroyed.
hell destroyed.
hell destroyed.
hell destroyed.
hell destroyed.
hell destroyed.
hell destroyed.
hell destroyed.
hell destroyed.
hell destroyed.
hell destroyed.
hell destroyed.
hell destroyed.
hell destroyed.
hell destroyed.
hell destroyed.
hell destroyed.
hell destroyed.
hell destroyed.
hell destroyed.
hell destroyed.
hell destroyed.
hell destroyed.
hell destroyed.
hell destroyed.
hell destroyed.
hell destroyed.
hell destroyed.
hell destroyed.
hell destroyed.
hell destroyed.
hell destroyed.
hell destroyed.
hell destroyed.
hell destroyed.
hell destroyed.
hell destroyed.
hell destroyed.
hell destroyed.
hell destroyed.
hell destroyed.
hell destroyed.
hell destroyed.
hell destroyed.
hell destroyed.
hell destroyed.
hell destroyed.
hell destroyed.
hell destroyed.
hell destroyed.
hell destroyed.
hell destroyed.
hell destroyed.
hell destroyed.
hell destroyed.
hell destroyed.
hell destroyed.
hell destroyed.
hell destroyed.
hell destroyed.
hell destroyed.
hell destroyed.
hell destroyed.
hell destroyed.
hell destroyed.
hell destroyed.
hell destroyed.
hell destroyed.
hell destroyed.
hell destroyed.
hell destroyed.
hell destroyed.
hell destroyed.
hell destroyed.
hell destroyed.
hell destroyed.
hell destroyed.
hell destroyed.
hell destroyed.
hell destroyed.
hell destroyed.
hell destroyed.
hell destroyed.
hell destroyed.
hell destroyed.
hell destroyed.
hell destroyed.
hell destroyed.
hell destroyed.
hell destroyed.
hell destroyed.
hell destroyed.
hell destroyed.
hell destroyed.
hell destroyed.
hell destroyed.
hell destroyed.
hell destroyed.
hell destroyed.
hell destroyed.
hell destroyed.
hell destroyed.
hell destroyed.
hell destroyed.
hell destroyed.
hell destroyed.
hell destroyed.
hell destroyed.
hell destroyed.
hell destroyed.
hell destroyed.
hell destroyed.
hell destroyed.
hell destroyed.
hell destroyed.
hell destroyed.
hell destroyed.
hell destroyed.
hell destroyed.
hell destroyed.
hell destroyed.
hell destroyed.
hell destroyed.
hell destroyed.
hell destroyed.
hell destroyed.
hell destroyed.
hell destroyed.
hell destroyed.
hell destroyed.
hell destroyed.
hell destroyed.
hell destroyed.
hell destroyed.
hell destroyed.
hell destroyed.
hell destroyed.
hell destroyed.
hell destroyed.
hell destroyed.
hell destroyed.
hell destroyed.
hell destroyed.
hell destroyed.
hell destroyed.
hell destroyed.
hell destroyed.
hell destroyed.
hell destroyed.
hell destroyed.
hell destroyed.
hell destroyed.
hell destroyed.
hell destroyed.
hell destroyed.
hell destroyed.
hell destroyed.
hell destroyed.
hell destroyed.
hell destroyed.
hell destroyed.
hell destroyed.
hell destroyed.
hell destroyed.
hell destroyed.
hell destroyed.
hell destroyed.
hell destroyed.
hell destroyed.
hell destroyed.
hell destroyed.
hell destroyed.
hell destroyed.
hell destroyed.
hell destroyed.
hell destroyed.
hell destroyed.
hell destroyed.
hell destroyed.
hell destroyed.
hell destroyed.
hell destroyed.
hell destroyed.
hell destroyed.
hell destroyed.
hell destroyed.
hell destroyed.
hell destroyed.
hell destroyed.
hell destroyed.
hell destroyed.
hell destroyed.
hell destroyed.
hell destroyed.
hell destroyed.
hell destroyed.
hell destroyed.
hell destroyed.
hell destroyed.
hell destroyed.
hell destroyed.
hell destroyed.
hell destroyed.
hell destroyed.
hell destroyed.
hell destroyed.
hell destroyed.
hell destroyed.
hell destroyed.
hell destroyed.
hell destroyed.
hell destroyed.
hell destroyed.
hell destroyed.
hell destroyed.
hell destroyed.
hell destroyed.
hell destroyed.
hell destroyed.
hell destroyed.
hell destroyed.
hell destroyed.
hell destroyed.
hell destroyed.
hell destroyed.
hell destroyed.
hell destroyed.
hell destroyed.
hell destroyed.
hell destroyed.
hell destroyed.
hell destroyed.
hell destroyed.
hell destroyed.
hell destroyed.
hell destroyed.
hell destroyed.
hell destroyed.
hell destroyed.
hell destroyed.
hell destroyed.
hell destroyed.
hell destroyed.
hell destroyed.
hell destroyed.
hell destroyed.
hell destroyed.
hell destroyed.
hell destroyed.
hell destroyed.
hell destroyed.
hell destroyed.
hell destroyed.
hell destroyed.
hell destroyed.
hell destroyed.
hell destroyed.
hell destroyed.
hell destroyed.
hell destroyed.
hell destroyed.
hell destroyed.
hell destroyed.
hell destroyed.
hell destroyed.
hell destroyed.
hell destroyed.
hell destroyed.
hell destroyed.
hell destroyed.
hell destroyed.
hell destroyed.
hell destroyed.
hell destroyed.
hell destroyed.
hell destroyed.
hell destroyed.
hell destroyed.
hell destroyed.
hell destroyed.
hell destroyed.
hell destroyed.
hell destroyed.
hell destroyed.
hell destroyed.
hell destroyed.
hell destroyed.
hell destroyed.
hell destroyed.
hell destroyed.
hell destroyed.
hell destroyed.
hell destroyed.
hell destroyed.
hell destroyed.
hell destroyed.
hell destroyed.
hell destroyed.
hell destroyed.
hell destroyed.
hell destroyed.
hell destroyed.
hell destroyed.
hell destroyed.
hell destroyed.
hell destroyed.
hell destroyed.
hell destroyed.
hell destroyed.
hell destroyed.
hell destroyed.
hell destroyed.
hell destroyed.
hell destroyed.
hell destroyed.
hell destroyed.
hell destroyed.
hell destroyed.
hell destroyed.
hell destroyed.
hell destroyed.
hell destroyed.
hell destroyed.
hell destroyed.
hell destroyed.
hell destroyed.
hell destroyed.
hell destroyed.
hell destroyed.
hell destroyed.
hell destroyed.
hell destroyed.
hell destroyed.
hell destroyed.
hell destroyed.
hell destroyed.
hell destroyed.
hell destroyed.
hell destroyed.
hell destroyed.
hell destroyed.
hell destroyed.
hell destroyed.
hell destroyed.
hell destroyed.
hell destroyed.
hell destroyed.
hell destroyed.
hell destroyed.
hell destroyed.
hell destroyed.
hell destroyed.
hell destroyed.
hell destroyed.
hell destroyed.
hell destroyed.
hell destroyed.
hell destroyed.
hell destroyed.
hell destroyed.
hell destroyed.
hell destroyed.
hell destroyed.
hell destroyed.
hell destroyed.
hell destroyed.
hell destroyed.
hell destroyed.
hell destroyed.
hell destroyed.
hell destroyed.
hell destroyed.
hell destroyed.
hell destroyed.
hell destroyed.
hell destroyed.
hell destroyed.
hell destroyed.
hell destroyed.
hell destroyed.
hell destroyed.
hell destroyed.
hell destroyed.
hell destroyed.
hell destroyed.
hell destroyed.
hell destroyed.
hell destroyed.
hell destroyed.
hell destroyed.
hell destroyed.
hell destroyed.
hell destroyed.
hell destroyed.
hell destroyed.
hell destroyed.
hell destroyed.
hell destroyed.
hell destroyed.
hell destroyed.
hell destroyed.
hell destroyed.
hell destroyed.
hell destroyed.
hell destroyed.
hell destroyed.
hell destroyed.
hell destroyed.
hell destroyed.
hell destroyed.
hell destroyed.
hell destroyed.
hell destroyed.
hell destroyed.
hell destroyed.
hell destroyed.
hell destroyed.
hell destroyed.
hell destroyed.
hell destroyed.
hell destroyed.
hell destroyed.
hell destroyed.
hell destroyed.
hell destroyed.
hell destroyed.
hell destroyed.
hell destroyed.
hell destroyed.
hell destroyed.
hell destroyed.
hell destroyed.
hell destroyed.
hell destroyed.
hell destroyed.
hell destroyed.
hell destroyed.
hell destroyed.
hell destroyed.
hell destroyed.
hell destroyed.
hell destroyed.
hell destroyed.
hell destroyed.
hell destroyed.
hell destroyed.
hell destroyed.
hell destroyed.
hell destroyed.
hell destroyed.
hell destroyed.
hell destroyed.
hell destroyed.
hell destroyed.
hell destroyed.
hell destroyed.
hell destroyed.
hell destroyed.
hell destroyed.
hell destroyed.
hell destroyed.
hell destroyed.
hell destroyed.
hell destroyed.
hell destroyed.
hell destroyed.
hell destroyed.
hell destroyed.
hell destroyed.
hell destroyed.
hell destroyed.
hell destroyed.
hell destroyed.
hell destroyed.
hell destroyed.
hell destroyed.
hell destroyed.
hell destroyed.
hell destroyed.
hell destroyed.
hell destroyed.
hell destroyed.
hell destroyed.
hell destroyed.
hell destroyed.
hell destroyed.
hell destroyed.
hell destroyed.
hell destroyed.
hell destroyed.
hell destroyed.
hell destroyed.
hell destroyed.
hell destroyed.
hell destroyed.
hell destroyed.
hell destroyed.
hell destroyed.
hell destroyed.
hell destroyed.
hell destroyed.
hell destroyed.
hell destroyed.
hell destroyed.
hell destroyed.
hell destroyed.
hell destroyed.
hell destroyed.
hell destroyed.
hell destroyed.
hell destroyed.
hell destroyed.
hell destroyed.
hell destroyed.
hell destroyed.
hell destroyed.
hell destroyed.
hell destroyed.
hell destroyed.
hell destroyed.
hell destroyed.
hell destroyed.
hell destroyed.
hell destroyed.
hell destroyed.
hell destroyed.
hell destroyed.
hell destroyed.
hell destroyed.
hell destroyed.
hell destroyed.
hell destroyed.
hell destroyed.
hell destroyed.
hell destroyed.
hell destroyed.
hell destroyed.
hell destroyed.
hell destroyed.
hell destroyed.
hell destroyed.
hell destroyed.
hell destroyed.
hell destroyed.
hell destroyed.
hell destroyed.
hell destroyed.
hell destroyed.
hell destroyed.
hell destroyed.
hell destroyed.
hell destroyed.
hell destroyed.
hell destroyed.
hell destroyed.
hell destroyed.
hell destroyed.
hell destroyed.
hell destroyed.
hell destroyed.
hell destroyed.
hell destroyed.
hell destroyed.
hell destroyed.
hell destroyed.
hell destroyed.
hell destroyed.
hell destroyed.
hell destroyed.
hell destroyed.
hell destroyed.
hell destroyed.
hell destroyed.
hell destroyed.
hell destroyed.
hell destroyed.
hell destroyed.
hell destroyed.
hell destroyed.
hell destroyed.
hell destroyed.
hell destroyed.
hell destroyed.
hell destroyed.
hell destroyed.
hell destroyed.
hell destroyed.
hell destroyed.
hell destroyed.
hell destroyed.
hell destroyed.
hell destroyed.
hell destroyed.
hell destroyed.
hell destroyed.
hell destroyed.
hell destroyed.
hell destroyed.
hell destroyed.
hell destroyed.
hell destroyed.
hell destroyed.
hell destroyed.
hell destroyed.
hell destroyed.
hell destroyed.
hell destroyed.
hell destroyed.
hell destroyed.
hell destroyed.
hell destroyed.
hell destroyed.
hell destroyed.
hell destroyed.
hell destroyed.
hell destroyed.
hell destroyed.
hell destroyed.
hell destroyed.
hell destroyed.
hell destroyed.
hell destroyed.
hell destroyed.
hell destroyed.
hell destroyed.
hell destroyed.
hell destroyed.
hell destroyed.
hell destroyed.
hell destroyed.
hell destroyed.
hell destroyed.
hell destroyed.
hell destroyed.
hell destroyed.
hell destroyed.
hell destroyed.
hell destroyed.
hell destroyed.
hell destroyed.
hell destroyed.
hell destroyed.
hell destroyed.
hell destroyed.
hell destroyed.
hell destroyed.
hell destroyed.
hell destroyed.
hell destroyed.
hell destroyed.
hell destroyed.
hell destroyed.
hell destroyed.
hell destroyed.
hell destroyed.
hell destroyed.
hell destroyed.
hell destroyed.
hell destroyed.
hell destroyed.
hell destroyed.
hell destroyed.
hell destroyed.
hell destroyed.
hell destroyed.
hell destroyed.
hell destroyed.
hell destroyed.
hell destroyed.
hell destroyed.
hell destroyed.
hell destroyed.
hell destroyed.
hell destroyed.
hell destroyed.
hell destroyed.
hell destroyed.
hell destroyed.
hell destroyed.
hell destroyed.
hell destroyed.
hell destroyed.
hell destroyed.
hell destroyed.
hell destroyed.
hell destroyed.
hell destroyed.
hell destroyed.
hell destroyed.
hell destroyed.
hell destroyed.
hell destroyed.
hell destroyed.
hell destroyed.
hell destroyed.
hell destroyed.
hell destroyed.
hell destroyed.
hell destroyed.
hell destroyed.
hell destroyed.
hell destroyed.
hell destroyed.
hell destroyed.
hell destroyed.
hell destroyed.
hell destroyed.
hell destroyed.
hell destroyed.
hell destroyed.
hell destroyed.
hell destroyed.
hell destroyed.
hell destroyed.
hell destroyed.
hell destroyed.
hell destroyed.
hell destroyed.
hell destroyed.
hell destroyed.
hell destroyed.
hell destroyed.
hell destroyed.
hell destroyed.
hell destroyed.
hell destroyed.
hell destroyed.
hell destroyed.
hell destroyed.
hell destroyed.
hell destroyed.
hell destroyed.
hell destroyed.
hell destroyed.
hell destroyed.
hell destroyed.
hell destroyed.
hell destroyed.
hell destroyed.
hell destroyed.
hell destroyed.
hell destroyed.
hell destroyed.
hell destroyed.
hell destroyed.
hell destroyed.
hell destroyed.
hell destroyed.
hell destroyed.
hell destroyed.
hell destroyed.
hell destroyed.
hell destroyed.
hell destroyed.
hell destroyed.
hell destroyed.
hell destroyed.
hell destroyed.
hell destroyed.
hell destroyed.
hell destroyed.
hell destroyed.
hell destroyed.
hell destroyed.
hell destroyed.
hell destroyed.
hell destroyed.
hell destroyed.
hell destroyed.
hell destroyed.
hell destroyed.
hell destroyed.
hell destroyed.
hell destroyed.
hell destroyed.
hell destroyed.
hell destroyed.
hell destroyed.
hell destroyed.
hell destroyed.
hell destroyed.
hell destroyed.
hell destroyed.
hell destroyed.
hell destroyed.
hell destroyed.
hell destroyed.
hell destroyed.
hell destroyed.
hell destroyed.
hell destroyed.
hell destroyed.
hell destroyed.
hell destroyed.
hell destroyed.
hell destroyed.
hell destroyed.
hell destroyed.
hell destroyed.
hell destroyed.
hell destroyed.
hell destroyed.
hell destroyed.
hell destroyed.
hell destroyed.
hell destroyed.
hell destroyed.
hell destroyed.
hell destroyed.
hell destroyed.
hell destroyed.
hell destroyed.
hell destroyed.
hell destroyed.
hell destroyed.
hell destroyed.
hell destroyed.
hell destroyed.
hell destroyed.
hell destroyed.
hell destroyed.
hell destroyed.
hell destroyed.
hell destroyed.
hell destroyed.
hell destroyed.
hell destroyed.
hell destroyed.
hell destroyed.
hell destroyed.
hell destroyed.
hell destroyed.
hell destroyed.
hell destroyed.
hell destroyed.
hell destroyed.
hell destroyed.
hell destroyed.
hell destroyed.
hell destroyed.
hell destroyed.
hell destroyed.
hell destroyed.
hell destroyed.
hell destroyed.
hell destroyed.
hell destroyed.
hell destroyed.
hell destroyed.
hell destroyed.
hell destroyed.
hell destroyed.
hell destroyed.
hell destroyed.
hell destroyed.
hell destroyed.
hell destroyed.
hell destroyed.
hell destroyed.
hell destroyed.
hell destroyed.
hell destroyed.
hell destroyed.
hell destroyed.
hell destroyed.
hell destroyed.
hell destroyed.
hell destroyed.
hell destroyed.
hell destroyed.
hell destroyed.
hell destroyed.
hell destroyed.
hell destroyed.
hell destroyed.
hell destroyed.
hell destroyed.
hell destroyed.
hell destroyed.
hell destroyed.
hell destroyed.
hell destroyed.
hell destroyed.
hell destroyed.
hell destroyed.
hell destroyed.
hell destroyed.
hell destroyed.
hell destroyed.
hell destroyed.
hell destroyed.
hell destroyed.
hell destroyed.
hell destroyed.
hell destroyed.
hell destroyed.
hell destroyed.
hell destroyed.
hell destroyed.
hell destroyed.
hell destroyed.
hell destroyed.
hell destroyed.
hell destroyed.
hell destroyed.
hell destroyed.
hell destroyed.
hell destroyed.
hell destroyed.
hell destroyed.
hell destroyed.
hell destroyed.
hell destroyed.
hell destroyed.
hell destroyed.
hell destroyed.
hell destroyed.
hell destroyed.
hell destroyed.
hell destroyed.
hell destroyed.
hell destroyed.
hell destroyed.
hell destroyed.
hell destroyed.
hell destroyed.
hell destroyed.
hell destroyed.
hell destroyed.
hell destroyed.
hell destroyed.
hell destroyed.
hell destroyed.
hell destroyed.
hell destroyed.
hell destroyed.
hell destroyed.
hell destroyed.
hell destroyed.
hell destroyed.
hell destroyed.
hell destroyed.
hell destroyed.
hell destroyed.
hell destroyed.
hell destroyed.
hell destroyed.
hell destroyed.
hell destroyed.
hell destroyed.
hell destroyed.
hell destroyed.
hell destroyed.
hell destroyed.
hell destroyed.
hell destroyed.
hell destroyed.
hell destroyed.
hell destroyed.
hell destroyed.
hell destroyed.
hell destroyed.
hell destroyed.
hell destroyed.
hell destroyed.
hell destroyed.
hell destroyed.
hell destroyed.
hell destroyed.
hell destroyed.
hell destroyed.
hell destroyed.
hell destroyed.
hell destroyed.
hell destroyed.
hell destroyed.
hell destroyed.
hell destroyed.
hell destroyed.
hell destroyed.
hell destroyed.
hell destroyed.
hell destroyed.
hell destroyed.
hell destroyed.
hell destroyed.
hell destroyed.
hell destroyed.
hell destroyed.
hell destroyed.
hell destroyed.
hell destroyed.
hell destroyed.
hell destroyed.
hell destroyed.
hell destroyed.
hell destroyed.
hell destroyed.
hell destroyed.
hell destroyed.
hell destroyed.
hell destroyed.
hell destroyed.
hell destroyed.
hell destroyed.
hell destroyed.
hell destroyed.
hell destroyed.
hell destroyed.
hell destroyed.
hell destroyed.
hell destroyed.
hell destroyed.
hell destroyed.
hell destroyed.
hell destroyed.
hell destroyed.
hell destroyed.
hell destroyed.
hell destroyed.
hell destroyed.
hell destroyed.
hell destroyed.
hell destroyed.
hell destroyed.
hell destroyed.
hell destroyed.
hell destroyed.
hell destroyed.
hell destroyed.
hell destroyed.
hell destroyed.
hell destroyed.
hell destroyed.
hell destroyed.
hell destroyed.
hell destroyed.
hell destroyed.
hell destroyed.
hell destroyed.
hell destroyed.
hell destroyed.
hell destroyed.
hell destroyed.
hell destroyed.
hell destroyed.
hell destroyed.
hell destroyed.
hell destroyed.
hell destroyed.
hell destroyed.
hell destroyed.
hell destroyed.
hell destroyed.
hell destroyed.
hell destroyed.
hell destroyed.
hell destroyed.
hell destroyed.
hell destroyed.
hell destroyed.
hell destroyed.
hell destroyed.
hell destroyed.
hell destroyed.
hell destroyed.
hell destroyed.
hell destroyed.
hell destroyed.
hell destroyed.
hell destroyed.
hell destroyed.
hell destroyed.
hell destroyed.
hell destroyed.
hell destroyed.
hell destroyed.
hell destroyed.
hell destroyed.
hell destroyed.
hell destroyed.
hell destroyed.
hell destroyed.
hell destroyed.
hell destroyed.
hell destroyed.
hell destroyed.
hell destroyed.
hell destroyed.
hell destroyed.
hell destroyed.
hell destroyed.
hell destroyed.
hell destroyed.
hell destroyed.
hell destroyed.
hell destroyed.
hell destroyed.
hell destroyed.
hell destroyed.
hell destroyed.
hell destroyed.
hell destroyed.
hell destroyed.
hell destroyed.
hell destroyed.
hell destroyed.
hell destroyed.
hell destroyed.
hell destroyed.
hell destroyed.
hell destroyed.
hell destroyed.
hell destroyed.
hell destroyed.
hell destroyed.
hell destroyed.
hell destroyed.
hell destroyed.
hell destroyed.
hell destroyed.
hell destroyed.
hell destroyed.
hell destroyed.
hell destroyed.
hell destroyed.
hell destroyed.
hell destroyed.
hell destroyed.
hell destroyed.
hell destroyed.
hell destroyed.
hell destroyed.
hell destroyed.
hell destroyed.
hell destroyed.
hell destroyed.
hell destroyed.
hell destroyed.
hell destroyed.
hell destroyed.
hell destroyed.
hell destroyed.
hell destroyed.
hell destroyed.
hell destroyed.
hell destroyed.
hell destroyed.
hell destroyed.
hell destroyed.
hell destroyed.
hell destroyed.
hell destroyed.
hell destroyed.
hell destroyed.
hell destroyed.
hell destroyed.
hell destroyed.
hell destroyed.
hell destroyed.
hell destroyed.
hell destroyed.
hell destroyed.
hell destroyed.
hell destroyed.
hell destroyed.
hell destroyed.
hell destroyed.
hell destroyed.
hell destroyed.
hell destroyed.
hell destroyed.
hell destroyed.
hell destroyed.
hell destroyed.
hell destroyed.
hell destroyed.
hell destroyed.
hell destroyed.
hell destroyed.
hell destroyed.
hell destroyed.
hell destroyed.
hell destroyed.
hell destroyed.
hell destroyed.
hell destroyed.
hell destroyed.
hell destroyed.
hell destroyed.
hell destroyed.
hell destroyed.
hell destroyed.
hell destroyed.
hell destroyed.
hell destroyed.
hell destroyed.
hell destroyed.
hell destroyed.
hell destroyed.
hell destroyed.
hell destroyed.
hell destroyed.
hell destroyed.
hell destroyed.
hell destroyed.
hell destroyed.
hell destroyed.
hell destroyed.
hell destroyed.
hell destroyed.
hell destroyed.
hell destroyed.
hell destroyed.
hell destroyed.
hell destroyed.
hell destroyed.
hell destroyed.
hell destroyed.
hell destroyed.
hell destroyed.
hell destroyed.
hell destroyed.
hell destroyed.
hell destroyed.
hell destroyed.
hell destroyed.
hell destroyed.
hell destroyed.
hell destroyed.
hell destroyed.
hell destroyed.
hell destroyed.
hell destroyed.
hell destroyed.
hell destroyed.
hell destroyed.
hell destroyed.
hell destroyed.
hell destroyed.
hell destroyed.
hell destroyed.
hell destroyed.
hell destroyed.
hell destroyed.
hell destroyed.
hell destroyed.
hell destroyed.
hell destroyed.
hell destroyed.
hell destroyed.
hell destroyed.
hell destroyed.
hell destroyed.
hell destroyed.
hell destroyed.
hell destroyed.
hell destroyed.
hell destroyed.
hell destroyed.
hell destroyed.
hell destroyed.
hell destroyed.
hell destroyed.
hell destroyed.
hell destroyed.
hell destroyed.
hell destroyed.
hell destroyed.
hell destroyed.
hell destroyed.
hell destroyed.
hell destroyed.
hell destroyed.
hell destroyed.
hell destroyed.
hell destroyed.
hell destroyed.
hell destroyed.
hell destroyed.
hell destroyed.
hell destroyed.
hell destroyed.
hell destroyed.
hell destroyed.
hell destroyed.
hell destroyed.
hell destroyed.
hell destroyed.
hell destroyed.
hell destroyed.
hell destroyed.
hell destroyed.
hell destroyed.
hell destroyed.
hell destroyed.
hell destroyed.
hell destroyed.
hell destroyed.
hell destroyed.
hell destroyed.
hell destroyed.
hell destroyed.
hell destroyed.
hell destroyed.
hell destroyed.
hell destroyed.
hell destroyed.
hell destroyed.
hell destroyed.
hell destroyed.
hell destroyed.
hell destroyed.
hell destroyed.
hell destroyed.
hell destroyed.
hell destroyed.
hell destroyed.
hell destroyed.
hell destroyed.
hell destroyed.
hell destroyed.
hell destroyed.
hell destroyed.
hell destroyed.
hell destroyed.
hell destroyed.
hell destroyed.
hell destroyed.
hell destroyed.
hell destroyed.
hell destroyed.
hell destroyed.
hell destroyed.
hell destroyed.
hell destroyed.
hell destroyed.
hell destroyed.
hell destroyed.
hell destroyed.
hell destroyed.
hell destroyed.
hell destroyed.
hell destroyed.
hell destroyed.
hell destroyed.
hell destroyed.
hell destroyed.
hell destroyed.
hell destroyed.
hell destroyed.
hell destroyed.
hell destroyed.
hell destroyed.
hell destroyed.
hell destroyed.
hell destroyed.
hell destroyed.
hell destroyed.
hell destroyed.
hell destroyed.
hell destroyed.
hell destroyed.
hell destroyed.
hell destroyed.
hell destroyed.
hell destroyed.
hell destroyed.
hell destroyed.
hell destroyed.
hell destroyed.
hell destroyed.
hell destroyed.
hell destroyed.
hell destroyed.
hell destroyed.
hell destroyed.
hell destroyed.
hell destroyed.
hell destroyed.
hell destroyed.
hell destroyed.
hell destroyed.
hell destroyed.
hell destroyed.
hell destroyed.
hell destroyed.
hell destroyed.
hell destroyed.
hell destroyed.
hell destroyed.
hell destroyed.
hell destroyed.
hell destroyed.
hell destroyed.
hell destroyed.
hell destroyed.
hell destroyed.
hell destroyed.
hell destroyed.
hell destroyed.
hell destroyed.
hell destroyed.
hell destroyed.
hell destroyed.
hell destroyed.
hell destroyed.
hell destroyed.
hell destroyed.
hell destroyed.
hell destroyed.
hell destroyed.
hell destroyed.
hell destroyed.
hell destroyed.
hell destroyed.
hell destroyed.
hell destroyed.
hell destroyed.
hell destroyed.
hell destroyed.
hell destroyed.
hell destroyed.
hell destroyed.
hell destroyed.
hell destroyed.
hell destroyed.
hell destroyed.
hell destroyed.
hell destroyed.
hell destroyed.
hell destroyed.
hell destroyed.
hell destroyed.
hell destroyed.
hell destroyed.
hell destroyed.
hell destroyed.
hell destroyed.
hell destroyed.
hell destroyed.
hell destroyed.
hell destroyed.
hell destroyed.
hell destroyed.
hell destroyed.
hell destroyed.
hell destroyed.
hell destroyed.
hell destroyed.
hell destroyed.
hell destroyed.
hell destroyed.
hell destroyed.
hell destroyed.
hell destroyed.
hell destroyed.
hell destroyed.
hell destroyed.
hell destroyed.
hell destroyed.
hell destroyed.
hell destroyed.
hell destroyed.
hell destroyed.
hell destroyed.
hell destroyed.
hell destroyed.
hell destroyed.
hell destroyed.
hell destroyed.
hell destroyed.
hell destroyed.
hell destroyed.
hell destroyed.
hell destroyed.
hell destroyed.
hell destroyed.
hell destroyed.
hell destroyed.
hell destroyed.
hell destroyed.
hell destroyed.
hell destroyed.
hell destroyed.
hell destroyed.
hell destroyed.
hell destroyed.
hell destroyed.
hell destroyed.
hell destroyed.
hell destroyed.
hell destroyed.
hell destroyed.
hell destroyed.
hell destroyed.
hell destroyed.
hell destroyed.
hell destroyed.
hell destroyed.
hell destroyed.
hell destroyed.
hell destroyed.
hell destroyed.
hell destroyed.
hell destroyed.
hell destroyed.
hell destroyed.
hell destroyed.
hell destroyed.
hell destroyed.
hell destroyed.
hell destroyed.
hell destroyed.
hell destroyed.
hell destroyed.
hell destroyed.
hell destroyed.
hell destroyed.
hell destroyed.
hell destroyed.
hell destroyed.
hell destroyed.
hell destroyed.
hell destroyed.
hell destroyed.
hell destroyed.
hell destroyed.
hell destroyed.
hell destroyed.
hell destroyed.
hell destroyed.
hell destroyed.
hell destroyed.
hell destroyed.
hell destroyed.
hell destroyed.
hell destroyed.
hell destroyed.
hell destroyed.
hell destroyed.
hell destroyed.
hell destroyed.
hell destroyed.
hell destroyed.
hell destroyed.
hell destroyed.
hell destroyed.
hell destroyed.
hell destroyed.
hell destroyed.
hell destroyed.
hell destroyed.
hell destroyed.
hell destroyed.
hell destroyed.
hell destroyed.
hell destroyed.
hell destroyed.
hell destroyed.
hell destroyed.
hell destroyed.
hell destroyed.
hell destroyed.
hell destroyed.
hell destroyed.
hell destroyed.
hell destroyed.
hell destroyed.
hell destroyed.
hell destroyed.
hell destroyed.
hell destroyed.
hell destroyed.
hell destroyed.
hell destroyed.
hell destroyed.
hell destroyed.
hell destroyed.
hell destroyed.
hell destroyed.
hell destroyed.
hell destroyed.
hell destroyed.
hell destroyed.
hell destroyed.
hell destroyed.
hell destroyed.
hell destroyed.
hell destroyed.
hell destroyed.
hell destroyed.
hell destroyed.
hell destroyed.
hell destroyed.
hell destroyed.
hell destroyed.
hell destroyed.
hell destroyed.

[ivnxptrv@frutro:~/cpp/modules/cpp01/ex01]$ make fclean
rm -rf obj
rm -rf dep
rm -rf zombie 

[ivnxptrv@frutro:~/cpp/modules/cpp01/ex01]$ make
c++ -Wall -Wextra -Werror -std=c++98 -MMD -MF  ./dep/Zombie.d -I./include/ -c sr
c++ -Wall -Wextra -Werror -std=c++98 -MMD -MF  ./dep/main.d -I./include/ -c src/
mc++ -Wall -Wextra -Werror -std=c++98 -MMD -MF  ./dep/zombieHorde.d -I./include/
akc++ ./obj/Zombie.o ./obj/main.o ./obj/zombieHorde.o -o zombie
e
[ivnxptrv@frutro:~/cpp/modules/cpp01/ex01]$ make

[ivnxptrv@frutro:~/cpp/modules/cpp01/ex01]$ make fclean
rm -rf obj
rm -rf dep
rm -rf zombie 

[ivnxptrv@frutro:~/cpp/modules/cpp01/ex01]$ ls -la
total 24
drwxr-xr-x 4 ivnxptrv ivnxptrv 4096 Nov  1 02:18 .
drwxr-xr-x 9 ivnxptrv ivnxptrv 4096 Nov  1 01:10 ..
-rw-r--r-- 1 ivnxptrv ivnxptrv   73 Oct 28 20:15 .clangd
drwxr-xr-x 2 ivnxptrv ivnxptrv 4096 Oct 30 03:30 include
-rw-r--r-- 1 ivnxptrv ivnxptrv  763 Nov  1 02:17 Makefile
-rw-r--r-- 1 ivnxptrv ivnxptrv    0 Oct 28 20:02 .project
drwxr-xr-x 2 ivnxptrv ivnxptrv 4096 Oct 30 04:03 src

[ivnxptrv@frutro:~/cpp/modules/cpp01/ex01]$ cd ..

[ivnxptrv@frutro:~/cpp/modules/cpp01]$ cd ex02

[ivnxptrv@frutro:~/cpp/modules/cpp01/ex02]$ make fclean
rm -rf obj
rm -rf dep
rm -rf brain 

[ivnxptrv@frutro:~/cpp/modules/cpp01/ex02]$ ls -la
total 20
drwxr-xr-x 3 ivnxptrv ivnxptrv 4096 Nov  1 02:19 .
drwxr-xr-x 9 ivnxptrv ivnxptrv 4096 Nov  1 01:10 ..
-rw-r--r-- 1 ivnxptrv ivnxptrv   73 Oct 28 20:15 .clangd
-rw-r--r-- 1 ivnxptrv ivnxptrv  699 Oct 30 06:02 Makefile
-rw-r--r-- 1 ivnxptrv ivnxptrv    0 Oct 28 20:02 .project
drwxr-xr-x 2 ivnxptrv ivnxptrv 4096 Oct 30 05:26 src

[ivnxptrv@frutro:~/cpp/modules/cpp01/ex02]$ cd ../ex03

[ivnxptrv@frutro:~/cpp/modules/cpp01/ex03]$ ls -la
total 52
drwxr-xr-x 6 ivnxptrv ivnxptrv  4096 Oct 31 23:46 .
drwxr-xr-x 9 ivnxptrv ivnxptrv  4096 Nov  1 01:10 ..
-rw-r--r-- 1 ivnxptrv ivnxptrv    73 Oct 28 20:15 .clangd
drwxr-xr-x 2 ivnxptrv ivnxptrv  4096 Oct 31 23:36 dep
-rwxr-xr-x 1 ivnxptrv ivnxptrv 18936 Oct 31 23:36 human
drwxr-xr-x 2 ivnxptrv ivnxptrv  4096 Oct 30 06:59 include
-rw-r--r-- 1 ivnxptrv ivnxptrv   770 Oct 30 07:00 Makefile
drwxr-xr-x 2 ivnxptrv ivnxptrv  4096 Oct 31 23:36 obj
-rw-r--r-- 1 ivnxptrv ivnxptrv     0 Oct 28 20:02 .project
drwxr-xr-x 2 ivnxptrv ivnxptrv  4096 Oct 30 06:58 src

[ivnxptrv@frutro:~/cpp/modules/cpp01/ex03]$ make fclean
rm -rf obj
rm -rf dep
rm -rf human 

[ivnxptrv@frutro:~/cpp/modules/cpp01/ex03]$ make re
rm -rf obj
rm -rf dep
rm -rf human 
c++ -Wall -Wextra -Werror -std=c++98 -MMD -MF  ./dep/main.d -I./include/ -c src/
c++ -Wall -Wextra -Werror -std=c++98 -MMD -MF  ./dep/HumanA.d -I./include/ -c sr
c++ -Wall -Wextra -Werror -std=c++98 -MMD -MF  ./dep/HumanB.d -I./include/ -c sr
c++ -Wall -Wextra -Werror -std=c++98 -MMD -MF  ./dep/Weapon.d -I./include/ -c sr
c++ ./obj/main.o ./obj/HumanA.o ./obj/HumanB.o ./obj/Weapon.o -o human

[ivnxptrv@frutro:~/cpp/modules/cpp01/ex03]$ make test
valgrind --leak-check=full --show-leak-kinds=all ./human 
==9473== Memcheck, a memory error detector
==9473== Copyright (C) 2002-2022, and GNU GPL'd, by Julian Seward et al.
==9473== Using Valgrind-3.22.0 and LibVEX; rerun with -h for copyright info
==9473== Command: ./human
==9473== 
Bob attacks with their crude spiked club
Bob attacks with their some other type of club
Jim attacks with their crude spiked club
Jim attacks with their some other type of club
==9473== 
==9473== HEAP SUMMARY:
==9473==     in use at exit: 0 bytes in 0 blocks
==9473==   total heap usage: 12 allocs, 12 frees, 73,980 bytes allocated
==9473== 
==9473== All heap blocks were freed -- no leaks are possible
==9473== 
==9473== For lists of detected and suppressed errors, rerun with: -s
==9473== ERROR SUMMARY: 0 errors from 0 contexts (suppressed: 0 from 0)

[ivnxptrv@frutro:~/cpp/modules/cpp01/ex03]$ cd ..ex04
bash: cd: ..ex04: No such file or directory

[ivnxptrv@frutro:~/cpp/modules/cpp01/ex03]$ cd ../ex04

[ivnxptrv@frutro:~/cpp/modules/cpp01/ex04]$ make fclean
rm -rf obj
rm -rf dep
rm -rf replace 

[ivnxptrv@frutro:~/cpp/modules/cpp01/ex04]$ make fclean
Makefile:50: *** missing separator.  Stop.

[ivnxptrv@frutro:~/cpp/modules/cpp01/ex04]$ make fclean
Makefile:50: *** missing separator.  Stop.

[ivnxptrv@frutro:~/cpp/modules/cpp01/ex04]$ make fclean
Makefile:50: *** missing separator.  Stop.

[ivnxptrv@frutro:~/cpp/modules/cpp01/ex04]$ make
Makefile:50: *** missing separator.  Stop.

[ivnxptrv@frutro:~/cpp/modules/cpp01/ex04]$ 

[ivnxptrv@frutro:~/cpp/modules/cpp01/ex04]$ make fclean
rm -rf obj
rm -rf dep
rm -rf replace 

[ivnxptrv@frutro:~/cpp/modules/cpp01/ex04]$ ls -la
total 32
drwxr-xr-x 4 ivnxptrv ivnxptrv 4096 Nov  1 00:26 .
drwxr-xr-x 9 ivnxptrv ivnxptrv 4096 Nov  1 01:10 ..
-rw-r--r-- 1 ivnxptrv ivnxptrv   73 Oct 28 20:15 .clangd
drwxr-xr-x 2 ivnxptrv ivnxptrv 4096 Oct 30 06:59 include
-rw-r--r-- 1 ivnxptrv ivnxptrv 1065 Nov  1 02:36 Makefile
-rw-r--r-- 1 ivnxptrv ivnxptrv    0 Oct 28 20:02 .project
drwxr-xr-x 2 ivnxptrv ivnxptrv 4096 Oct 31 22:31 src
-rw-r--r-- 1 ivnxptrv ivnxptrv   16 Nov  1 00:14 test.txt
-rw-r--r-- 1 ivnxptrv ivnxptrv   16 Nov  1 00:25 test.txt.replace

[ivnxptrv@frutro:~/cpp/modules/cpp01/ex04]$ rm test.txt test.txt.replace 

[ivnxptrv@frutro:~/cpp/modules/cpp01/ex04]$ ls -la
total 24
drwxr-xr-x 4 ivnxptrv ivnxptrv 4096 Nov  1 02:37 .
drwxr-xr-x 9 ivnxptrv ivnxptrv 4096 Nov  1 01:10 ..
-rw-r--r-- 1 ivnxptrv ivnxptrv   73 Oct 28 20:15 .clangd
drwxr-xr-x 2 ivnxptrv ivnxptrv 4096 Oct 30 06:59 include
-rw-r--r-- 1 ivnxptrv ivnxptrv 1065 Nov  1 02:36 Makefile
-rw-r--r-- 1 ivnxptrv ivnxptrv    0 Oct 28 20:02 .project
drwxr-xr-x 2 ivnxptrv ivnxptrv 4096 Oct 31 22:31 src

[ivnxptrv@frutro:~/cpp/modules/cpp01/ex04]$ make files
echo 'hello cat hello' > test.txt
echo 'hello cat hello' > nowriteperm.txt
touch emptyfile.txt
echo 'hello cat hello' > noreadperm.txt
touch nowriteperm.txt.replace
chmod -r noreadperm.txt
chmod -w nowriteperm.txt.replace

[ivnxptrv@frutro:~/cpp/modules/cpp01/ex04]$ ls -la
total 36
drwxr-xr-x 4 ivnxptrv ivnxptrv 4096 Nov  1 02:37 .
drwxr-xr-x 9 ivnxptrv ivnxptrv 4096 Nov  1 01:10 ..
-rw-r--r-- 1 ivnxptrv ivnxptrv   73 Oct 28 20:15 .clangd
-rw-r--r-- 1 ivnxptrv ivnxptrv    0 Nov  1 02:37 emptyfile.txt
drwxr-xr-x 2 ivnxptrv ivnxptrv 4096 Oct 30 06:59 include
-rw-r--r-- 1 ivnxptrv ivnxptrv 1065 Nov  1 02:36 Makefile
--w------- 1 ivnxptrv ivnxptrv   16 Nov  1 02:37 noreadperm.txt
-rw-r--r-- 1 ivnxptrv ivnxptrv   16 Nov  1 02:37 nowriteperm.txt
-r--r--r-- 1 ivnxptrv ivnxptrv    0 Nov  1 02:37 nowriteperm.txt.replace
-rw-r--r-- 1 ivnxptrv ivnxptrv    0 Oct 28 20:02 .project
drwxr-xr-x 2 ivnxptrv ivnxptrv 4096 Oct 31 22:31 src
-rw-r--r-- 1 ivnxptrv ivnxptrv   16 Nov  1 02:37 test.txt

[ivnxptrv@frutro:~/cpp/modules/cpp01/ex04]$ valgrind --leak-check=full --show-leak-kinds=all --track-fds=yes ./replace
valgrind: ./replace: No such file or directory

[ivnxptrv@frutro:~/cpp/modules/cpp01/ex04]$ make re
rm -rf obj
rm -rf dep
rm -rf replace 
c++ -Wall -Wextra -Werror -std=c++98 -MMD -MF  ./dep/main.d -I./include/ -c src/main.cpp -o obj/main.o
c++ ./obj/main.o -o replace

[ivnxptrv@frutro:~/cpp/modules/cpp01/ex04]$ valgrind --leak-check=full --show-leak-kinds=all --track-fds=yes ./replace noreadperm.txt cat dog
==10156== Memcheck, a memory error detector
==10156== Copyright (C) 2002-2022, and GNU GPL'd, by Julian Seward et al.
==10156== Using Valgrind-3.22.0 and LibVEX; rerun with -h for copyright info
==10156== Command: ./replace noreadperm.txt cat dog
==10156== 
Failed to open 'noreadperm.txt'
==10156== 
==10156== FILE DESCRIPTORS: 4 open (3 std) at exit.
==10156== Open file descriptor 5: /dev/ptmx
==10156==    <inherited from parent>
==10156== 
==10156== 
==10156== HEAP SUMMARY:
==10156==     in use at exit: 0 bytes in 0 blocks
==10156==   total heap usage: 3 allocs, 3 frees, 74,200 bytes allocated
==10156== 
==10156== All heap blocks were freed -- no leaks are possible
==10156== 
==10156== For lists of detected and suppressed errors, rerun with: -s
==10156== ERROR SUMMARY: 0 errors from 0 contexts (suppressed: 0 from 0)

[ivnxptrv@frutro:~/cpp/modules/cpp01/ex04]$ valgrind --leak-check=full --show-leak-kinds=all --track-fds=yes ./replace nowriteperm.txt cat dog
==10159== Memcheck, a memory error detector
==10159== Copyright (C) 2002-2022, and GNU GPL'd, by Julian Seward et al.
==10159== Using Valgrind-3.22.0 and LibVEX; rerun with -h for copyright info
==10159== Command: ./replace nowriteperm.txt cat dog
==10159== 
Failed to open 'nowriteperm.txt.replace'
==10159== 
==10159== FILE DESCRIPTORS: 4 open (3 std) at exit.
==10159== Open file descriptor 5: /dev/ptmx
==10159==    <inherited from parent>
==10159== 
==10159== 
==10159== HEAP SUMMARY:
==10159==     in use at exit: 0 bytes in 0 blocks
==10159==   total heap usage: 11 allocs, 11 frees, 83,036 bytes allocated
==10159== 
==10159== All heap blocks were freed -- no leaks are possible
==10159== 
==10159== For lists of detected and suppressed errors, rerun with: -s
==10159== ERROR SUMMARY: 0 errors from 0 contexts (suppressed: 0 from 0)

[ivnxptrv@frutro:~/cpp/modules/cpp01/ex04]$ valgrind --leak-check=full --show-leak-kinds=all --track-fds=yes ./replace emptyfile.txt cat dog
==10162== Memcheck, a memory error detector
==10162== Copyright (C) 2002-2022, and GNU GPL'd, by Julian Seward et al.
==10162== Using Valgrind-3.22.0 and LibVEX; rerun with -h for copyright info
==10162== Command: ./replace emptyfile.txt cat dog
==10162== 
==10162== 
==10162== FILE DESCRIPTORS: 4 open (3 std) at exit.
==10162== Open file descriptor 5: /dev/ptmx
==10162==    <inherited from parent>
==10162== 
==10162== 
==10162== HEAP SUMMARY:
==10162==     in use at exit: 0 bytes in 0 blocks
==10162==   total heap usage: 6 allocs, 6 frees, 90,063 bytes allocated
==10162== 
==10162== All heap blocks were freed -- no leaks are possible
==10162== 
==10162== For lists of detected and suppressed errors, rerun with: -s
==10162== ERROR SUMMARY: 0 errors from 0 contexts (suppressed: 0 from 0)

[ivnxptrv@frutro:~/cpp/modules/cpp01/ex04]$ valgrind --leak-check=full --show-leak-kinds=all --track-fds=yes ./replace emptyfile.txt cat ""
==10168== Memcheck, a memory error detector
==10168== Copyright (C) 2002-2022, and GNU GPL'd, by Julian Seward et al.
==10168== Using Valgrind-3.22.0 and LibVEX; rerun with -h for copyright info
==10168== Command: ./replace emptyfile.txt cat 
==10168== 
==10168== 
==10168== FILE DESCRIPTORS: 4 open (3 std) at exit.
==10168== Open file descriptor 5: /dev/ptmx
==10168==    <inherited from parent>
==10168== 
==10168== 
==10168== HEAP SUMMARY:
==10168==     in use at exit: 0 bytes in 0 blocks
==10168==   total heap usage: 6 allocs, 6 frees, 90,063 bytes allocated
==10168== 
==10168== All heap blocks were freed -- no leaks are possible
==10168== 
==10168== For lists of detected and suppressed errors, rerun with: -s
==10168== ERROR SUMMARY: 0 errors from 0 contexts (suppressed: 0 from 0)

[ivnxptrv@frutro:~/cpp/modules/cpp01/ex04]$ valgrind --leak-check=full --show-leak-kinds=all --track-fds=yes ./replace emptyfile.txt "" dog
==10169== Memcheck, a memory error detector
==10169== Copyright (C) 2002-2022, and GNU GPL'd, by Julian Seward et al.
==10169== Using Valgrind-3.22.0 and LibVEX; rerun with -h for copyright info
==10169== Command: ./replace emptyfile.txt  dog
==10169== 
==10169== 
==10169== FILE DESCRIPTORS: 4 open (3 std) at exit.
==10169== Open file descriptor 5: /dev/ptmx
==10169==    <inherited from parent>
==10169== 
==10169== 
==10169== HEAP SUMMARY:
==10169==     in use at exit: 0 bytes in 0 blocks
==10169==   total heap usage: 6 allocs, 6 frees, 90,063 bytes allocated
==10169== 
==10169== All heap blocks were freed -- no leaks are possible
==10169== 
==10169== For lists of detected and suppressed errors, rerun with: -s
==10169== ERROR SUMMARY: 0 errors from 0 contexts (suppressed: 0 from 0)

[ivnxptrv@frutro:~/cpp/modules/cpp01/ex04]$ valgrind --leak-check=full --show-leak-kinds=all --track-fds=yes ./replace test.txt cat dog
==10174== Memcheck, a memory error detector
==10174== Copyright (C) 2002-2022, and GNU GPL'd, by Julian Seward et al.
==10174== Using Valgrind-3.22.0 and LibVEX; rerun with -h for copyright info
==10174== Command: ./replace test.txt cat dog
==10174== 
==10174== 
==10174== FILE DESCRIPTORS: 4 open (3 std) at exit.
==10174== Open file descriptor 5: /dev/ptmx
==10174==    <inherited from parent>
==10174== 
==10174== 
==10174== HEAP SUMMARY:
==10174==     in use at exit: 0 bytes in 0 blocks
==10174==   total heap usage: 10 allocs, 10 frees, 90,173 bytes allocated
==10174== 
==10174== All heap blocks were freed -- no leaks are possible
==10174== 
==10174== For lists of detected and suppressed errors, rerun with: -s
==10174== ERROR SUMMARY: 0 errors from 0 contexts (suppressed: 0 from 0)

[ivnxptrv@frutro:~/cpp/modules/cpp01/ex04]$ valgrind --leak-check=full --show-leak-kinds=all --track-fds=yes ./replace test.txt hello bye
==10184== Memcheck, a memory error detector
==10184== Copyright (C) 2002-2022, and GNU GPL'd, by Julian Seward et al.
==10184== Using Valgrind-3.22.0 and LibVEX; rerun with -h for copyright info
==10184== Command: ./replace test.txt hello bye
==10184== 
==10184== 
==10184== FILE DESCRIPTORS: 4 open (3 std) at exit.
==10184== Open file descriptor 5: /dev/ptmx
==10184==    <inherited from parent>
==10184== 
==10184== 
==10184== HEAP SUMMARY:
==10184==     in use at exit: 0 bytes in 0 blocks
==10184==   total heap usage: 10 allocs, 10 frees, 90,173 bytes allocated
==10184== 
==10184== All heap blocks were freed -- no leaks are possible
==10184== 
==10184== For lists of detected and suppressed errors, rerun with: -s
==10184== ERROR SUMMARY: 0 errors from 0 contexts (suppressed: 0 from 0)

[ivnxptrv@frutro:~/cpp/modules/cpp01/ex04]$ make delFiles
rm test.txt nowriteperm.txt emptyfile.txt noreadperm.txt nowriteperm.txt.replace
rm: remove write-protected regular empty file 'nowriteperm.txt.replace'? y

[ivnxptrv@frutro:~/cpp/modules/cpp01/ex04]$ ls -la
total 64
drwxr-xr-x 6 ivnxptrv ivnxptrv  4096 Nov  1 02:41 .
drwxr-xr-x 9 ivnxptrv ivnxptrv  4096 Nov  1 01:10 ..
-rw-r--r-- 1 ivnxptrv ivnxptrv    73 Oct 28 20:15 .clangd
drwxr-xr-x 2 ivnxptrv ivnxptrv  4096 Nov  1 02:38 dep
-rw-r--r-- 1 ivnxptrv ivnxptrv     0 Nov  1 02:40 emptyfile.txt.replace
drwxr-xr-x 2 ivnxptrv ivnxptrv  4096 Oct 30 06:59 include
-rw-r--r-- 1 ivnxptrv ivnxptrv  1065 Nov  1 02:36 Makefile
drwxr-xr-x 2 ivnxptrv ivnxptrv  4096 Nov  1 02:38 obj
-rw-r--r-- 1 ivnxptrv ivnxptrv     0 Oct 28 20:02 .project
-rwxr-xr-x 1 ivnxptrv ivnxptrv 28464 Nov  1 02:38 replace
drwxr-xr-x 2 ivnxptrv ivnxptrv  4096 Oct 31 22:31 src
-rw-r--r-- 1 ivnxptrv ivnxptrv    12 Nov  1 02:40 test.txt.replace

[ivnxptrv@frutro:~/cpp/modules/cpp01/ex04]$ make delFiles
rm -f test.txt test.txt.replace nowriteperm.txt emptyfile.txt noreadperm.txt nowriteperm.txt.replace

[ivnxptrv@frutro:~/cpp/modules/cpp01/ex04]$ 

[ivnxptrv@frutro:~/cpp/modules/cpp01/ex04]$ ls -la
total 60
drwxr-xr-x 6 ivnxptrv ivnxptrv  4096 Nov  1 02:41 .
drwxr-xr-x 9 ivnxptrv ivnxptrv  4096 Nov  1 01:10 ..
-rw-r--r-- 1 ivnxptrv ivnxptrv    73 Oct 28 20:15 .clangd
drwxr-xr-x 2 ivnxptrv ivnxptrv  4096 Nov  1 02:38 dep
-rw-r--r-- 1 ivnxptrv ivnxptrv     0 Nov  1 02:40 emptyfile.txt.replace
drwxr-xr-x 2 ivnxptrv ivnxptrv  4096 Oct 30 06:59 include
-rw-r--r-- 1 ivnxptrv ivnxptrv  1085 Nov  1 02:41 Makefile
drwxr-xr-x 2 ivnxptrv ivnxptrv  4096 Nov  1 02:38 obj
-rw-r--r-- 1 ivnxptrv ivnxptrv     0 Oct 28 20:02 .project
-rwxr-xr-x 1 ivnxptrv ivnxptrv 28464 Nov  1 02:38 replace
drwxr-xr-x 2 ivnxptrv ivnxptrv  4096 Oct 31 22:31 src

[ivnxptrv@frutro:~/cpp/modules/cpp01/ex04]$ ls -la
total 60
drwxr-xr-x 6 ivnxptrv ivnxptrv  4096 Nov  1 02:41 .
drwxr-xr-x 9 ivnxptrv ivnxptrv  4096 Nov  1 01:10 ..
-rw-r--r-- 1 ivnxptrv ivnxptrv    73 Oct 28 20:15 .clangd
drwxr-xr-x 2 ivnxptrv ivnxptrv  4096 Nov  1 02:38 dep
-rw-r--r-- 1 ivnxptrv ivnxptrv     0 Nov  1 02:40 emptyfile.txt.replace
drwxr-xr-x 2 ivnxptrv ivnxptrv  4096 Oct 30 06:59 include
-rw-r--r-- 1 ivnxptrv ivnxptrv  1107 Nov  1 02:42 Makefile
drwxr-xr-x 2 ivnxptrv ivnxptrv  4096 Nov  1 02:38 obj
-rw-r--r-- 1 ivnxptrv ivnxptrv     0 Oct 28 20:02 .project
-rwxr-xr-x 1 ivnxptrv ivnxptrv 28464 Nov  1 02:38 replace
drwxr-xr-x 2 ivnxptrv ivnxptrv  4096 Oct 31 22:31 src

[ivnxptrv@frutro:~/cpp/modules/cpp01/ex04]$ make delFiles
rm -f test.txt test.txt.replace nowriteperm.txt emptyfile.txt emptyfile.txt.replace noreadperm.txt nowriteperm.txt.replace

[ivnxptrv@frutro:~/cpp/modules/cpp01/ex04]$ ls -la
total 60
drwxr-xr-x 6 ivnxptrv ivnxptrv  4096 Nov  1 02:42 .
drwxr-xr-x 9 ivnxptrv ivnxptrv  4096 Nov  1 01:10 ..
-rw-r--r-- 1 ivnxptrv ivnxptrv    73 Oct 28 20:15 .clangd
drwxr-xr-x 2 ivnxptrv ivnxptrv  4096 Nov  1 02:38 dep
drwxr-xr-x 2 ivnxptrv ivnxptrv  4096 Oct 30 06:59 include
-rw-r--r-- 1 ivnxptrv ivnxptrv  1107 Nov  1 02:42 Makefile
drwxr-xr-x 2 ivnxptrv ivnxptrv  4096 Nov  1 02:38 obj
-rw-r--r-- 1 ivnxptrv ivnxptrv     0 Oct 28 20:02 .project
-rwxr-xr-x 1 ivnxptrv ivnxptrv 28464 Nov  1 02:38 replace
drwxr-xr-x 2 ivnxptrv ivnxptrv  4096 Oct 31 22:31 src

[ivnxptrv@frutro:~/cpp/modules/cpp01/ex04]$ make fclean
rm -rf obj
rm -rf dep
rm -rf replace 

[ivnxptrv@frutro:~/cpp/modules/cpp01/ex04]$ make files
echo 'hello cat hello' > test.txt
echo 'hello cat hello' > nowriteperm.txt
touch emptyfile.txt
echo 'hello cat hello' > noreadperm.txt
touch nowriteperm.txt.replace
chmod -r noreadperm.txt
chmod -w nowriteperm.txt.replace

[ivnxptrv@frutro:~/cpp/modules/cpp01/ex04]$ ls -la
total 36
drwxr-xr-x 4 ivnxptrv ivnxptrv 4096 Nov  1 02:42 .
drwxr-xr-x 9 ivnxptrv ivnxptrv 4096 Nov  1 01:10 ..
-rw-r--r-- 1 ivnxptrv ivnxptrv   73 Oct 28 20:15 .clangd
-rw-r--r-- 1 ivnxptrv ivnxptrv    0 Nov  1 02:42 emptyfile.txt
drwxr-xr-x 2 ivnxptrv ivnxptrv 4096 Oct 30 06:59 include
-rw-r--r-- 1 ivnxptrv ivnxptrv 1107 Nov  1 02:42 Makefile
--w------- 1 ivnxptrv ivnxptrv   16 Nov  1 02:42 noreadperm.txt
-rw-r--r-- 1 ivnxptrv ivnxptrv   16 Nov  1 02:42 nowriteperm.txt
-r--r--r-- 1 ivnxptrv ivnxptrv    0 Nov  1 02:42 nowriteperm.txt.replace
-rw-r--r-- 1 ivnxptrv ivnxptrv    0 Oct 28 20:02 .project
drwxr-xr-x 2 ivnxptrv ivnxptrv 4096 Oct 31 22:31 src
-rw-r--r-- 1 ivnxptrv ivnxptrv   16 Nov  1 02:42 test.txt

[ivnxptrv@frutro:~/cpp/modules/cpp01/ex04]$ make delFiles
rm -f test.txt test.txt.replace nowriteperm.txt emptyfile.txt emptyfile.txt.replace noreadperm.txt nowriteperm.txt.replace

[ivnxptrv@frutro:~/cpp/modules/cpp01/ex04]$ ls -la
total 24
drwxr-xr-x 4 ivnxptrv ivnxptrv 4096 Nov  1 02:43 .
drwxr-xr-x 9 ivnxptrv ivnxptrv 4096 Nov  1 01:10 ..
-rw-r--r-- 1 ivnxptrv ivnxptrv   73 Oct 28 20:15 .clangd
drwxr-xr-x 2 ivnxptrv ivnxptrv 4096 Oct 30 06:59 include
-rw-r--r-- 1 ivnxptrv ivnxptrv 1107 Nov  1 02:42 Makefile
-rw-r--r-- 1 ivnxptrv ivnxptrv    0 Oct 28 20:02 .project
drwxr-xr-x 2 ivnxptrv ivnxptrv 4096 Oct 31 22:31 src

[ivnxptrv@frutro:~/cpp/modules/cpp01/ex04]$ make 
c++ -Wall -Wextra -Werror -std=c++98 -MMD -MF  ./dep/main.d -I./include/ -c src/main.cpp -o obj/main.o
c++ ./obj/main.o -o replace

[ivnxptrv@frutro:~/cpp/modules/cpp01/ex04]$ ./replace sdfsdf cat dog
Failed to open 'sdfsdf'

[ivnxptrv@frutro:~/cpp/modules/cpp01/ex04]$ ./replace sdfsdf.txt cat dog
Failed to open 'sdfsdf.txt'

[ivnxptrv@frutro:~/cpp/modules/cpp01/ex04]$ ls -la
total 60
drwxr-xr-x 6 ivnxptrv ivnxptrv  4096 Nov  1 02:43 .
drwxr-xr-x 9 ivnxptrv ivnxptrv  4096 Nov  1 01:10 ..
-rw-r--r-- 1 ivnxptrv ivnxptrv    73 Oct 28 20:15 .clangd
drwxr-xr-x 2 ivnxptrv ivnxptrv  4096 Nov  1 02:43 dep
drwxr-xr-x 2 ivnxptrv ivnxptrv  4096 Oct 30 06:59 include
-rw-r--r-- 1 ivnxptrv ivnxptrv  1107 Nov  1 02:42 Makefile
drwxr-xr-x 2 ivnxptrv ivnxptrv  4096 Nov  1 02:43 obj
-rw-r--r-- 1 ivnxptrv ivnxptrv     0 Oct 28 20:02 .project
-rwxr-xr-x 1 ivnxptrv ivnxptrv 28464 Nov  1 02:43 replace
drwxr-xr-x 2 ivnxptrv ivnxptrv  4096 Oct 31 22:31 src

[ivnxptrv@frutro:~/cpp/modules/cpp01/ex04]$ make fclean
rm -rf obj
rm -rf dep
rm -rf replace 

[ivnxptrv@frutro:~/cpp/modules/cpp01/ex04]$ ls -la
total 24
drwxr-xr-x 4 ivnxptrv ivnxptrv 4096 Nov  1 02:45 .
drwxr-xr-x 9 ivnxptrv ivnxptrv 4096 Nov  1 01:10 ..
-rw-r--r-- 1 ivnxptrv ivnxptrv   73 Oct 28 20:15 .clangd
drwxr-xr-x 2 ivnxptrv ivnxptrv 4096 Oct 30 06:59 include
-rw-r--r-- 1 ivnxptrv ivnxptrv 1107 Nov  1 02:42 Makefile
-rw-r--r-- 1 ivnxptrv ivnxptrv    0 Oct 28 20:02 .project
drwxr-xr-x 2 ivnxptrv ivnxptrv 4096 Oct 31 22:31 src

[ivnxptrv@frutro:~/cpp/modules/cpp01/ex04]$ cd ../ex05

[ivnxptrv@frutro:~/cpp/modules/cpp01/ex05]$ ls -l
total 40
drwxr-xr-x 2 ivnxptrv ivnxptrv  4096 Nov  1 01:22 dep
-rwxr-xr-x 1 ivnxptrv ivnxptrv 17944 Nov  1 01:22 harl
drwxr-xr-x 2 ivnxptrv ivnxptrv  4096 Nov  1 00:41 include
-rw-r--r-- 1 ivnxptrv ivnxptrv   719 Nov  1 00:39 Makefile
drwxr-xr-x 2 ivnxptrv ivnxptrv  4096 Nov  1 01:22 obj
drwxr-xr-x 2 ivnxptrv ivnxptrv  4096 Nov  1 00:53 src

[ivnxptrv@frutro:~/cpp/modules/cpp01/ex05]$ ls -la
total 52
drwxr-xr-x 6 ivnxptrv ivnxptrv  4096 Nov  1 01:22 .
drwxr-xr-x 9 ivnxptrv ivnxptrv  4096 Nov  1 01:10 ..
-rw-r--r-- 1 ivnxptrv ivnxptrv    73 Oct 28 20:15 .clangd
drwxr-xr-x 2 ivnxptrv ivnxptrv  4096 Nov  1 01:22 dep
-rwxr-xr-x 1 ivnxptrv ivnxptrv 17944 Nov  1 01:22 harl
drwxr-xr-x 2 ivnxptrv ivnxptrv  4096 Nov  1 00:41 include
-rw-r--r-- 1 ivnxptrv ivnxptrv   719 Nov  1 00:39 Makefile
drwxr-xr-x 2 ivnxptrv ivnxptrv  4096 Nov  1 01:22 obj
-rw-r--r-- 1 ivnxptrv ivnxptrv     0 Oct 28 20:02 .project
drwxr-xr-x 2 ivnxptrv ivnxptrv  4096 Nov  1 00:53 src

[ivnxptrv@frutro:~/cpp/modules/cpp01/ex05]$ make fclean
rm -rf obj
rm -rf dep
rm -rf harl 

[ivnxptrv@frutro:~/cpp/modules/cpp01/ex05]$ ls -la
total 24
drwxr-xr-x 4 ivnxptrv ivnxptrv 4096 Nov  1 02:45 .
drwxr-xr-x 9 ivnxptrv ivnxptrv 4096 Nov  1 01:10 ..
-rw-r--r-- 1 ivnxptrv ivnxptrv   73 Oct 28 20:15 .clangd
drwxr-xr-x 2 ivnxptrv ivnxptrv 4096 Nov  1 00:41 include
-rw-r--r-- 1 ivnxptrv ivnxptrv  719 Nov  1 00:39 Makefile
-rw-r--r-- 1 ivnxptrv ivnxptrv    0 Oct 28 20:02 .project
drwxr-xr-x 2 ivnxptrv ivnxptrv 4096 Nov  1 00:53 src

[ivnxptrv@frutro:~/cpp/modules/cpp01/ex05]$ make
c++ -Wall -Wextra -Werror -std=c++98 -MMD -MF  ./dep/main.d -I./include/ -c src/
c++ -Wall -Wextra -Werror -std=c++98 -MMD -MF  ./dep/Harl.d -I./include/ -c src/
c++ ./obj/main.o ./obj/Harl.o -o harl

[ivnxptrv@frutro:~/cpp/modules/cpp01/ex05]$ make

[ivnxptrv@frutro:~/cpp/modules/cpp01/ex05]$ ./harl WARNING
I think I deserve to have some extra bacon for free. I've been coming for years 

[ivnxptrv@frutro:~/cpp/modules/cpp01/ex05]$ ./harl ""
Usage: ./harl DEBUG|INFO|WARNING|ERROR

[ivnxptrv@frutro:~/cpp/modules/cpp01/ex05]$ ./harl ERROR
This is unacceptable! I want to speak to the manager now.

[ivnxptrv@frutro:~/cpp/modules/cpp01/ex05]$ ./harl ""INFO""
I cannot believe adding extra bacon costs more money. You didn't put enough baco

[ivnxptrv@frutro:~/cpp/modules/cpp01/ex05]$ cd ../ex06

[ivnxptrv@frutro:~/cpp/modules/cpp01/ex06]$ ls -la
total 24
drwxr-xr-x 4 ivnxptrv ivnxptrv 4096 Nov  1 01:36 .
drwxr-xr-x 9 ivnxptrv ivnxptrv 4096 Nov  1 01:10 ..
-rw-r--r-- 1 ivnxptrv ivnxptrv   73 Oct 28 20:15 .clangd
drwxr-xr-x 2 ivnxptrv ivnxptrv 4096 Nov  1 00:41 include
-rw-r--r-- 1 ivnxptrv ivnxptrv  725 Nov  1 01:35 Makefile
-rw-r--r-- 1 ivnxptrv ivnxptrv    0 Oct 28 20:02 .project
drwxr-xr-x 2 ivnxptrv ivnxptrv 4096 Nov  1 00:53 src

[ivnxptrv@frutro:~/cpp/modules/cpp01/ex06]$ make fclean
rm -rf obj
rm -rf dep
rm -rf harlFilter 

[ivnxptrv@frutro:~/cpp/modules/cpp01/ex06]$ make
c++ -Wall -Wextra -Werror -std=c++98 -MMD -MF  ./dep/main.d -I./include/ -c src/main.cpp -o obj/main.o
c++ -Wall -Wextra -Werror -std=c++98 -MMD -MF  ./dep/Harl.d -I./include/ -c src/Harl.cpp -o obj/Harl.o
c++ ./obj/main.o ./obj/Harl.o -o harlFilter
./
[ivnxptrv@frutro:~/cpp/modules/cpp01/ex06]$ ./harlFilter 
Usage: ./harl level

[ivnxptrv@frutro:~/cpp/modules/cpp01/ex06]$ ./harlFilter WARNING
[ WARNING ]
I think I deserve to have some extra bacon for free. 
I've been coming for years whereas you started working here since last month.

[ ERROR ]
This is unacceptable! I want to speak to the manager now.


[ivnxptrv@frutro:~/cpp/modules/cpp01/ex06]$ ./harlFilter "hello"
[ Probably complaining about insignificant problems ]

[ivnxptrv@frutro:~/cpp/modules/cpp01/ex06]$ make fclean
rm -rf obj
rm -rf dep
rm -rf harlFilter 

[ivnxptrv@frutro:~/cpp/modules/cpp01/ex06]$ git status
On branch master
Your branch is up to date with 'origin/master'.

Changes not staged for commit:
  (use "git add/rm <file>..." to update what will be committed)
  (use "git restore <file>..." to discard changes in working directory)
        modified:   ../ex01/Makefile
        deleted:    ../ex01/zombie
        deleted:    ../ex02/barin
        modified:   ../ex03/human
        modified:   ../ex04/Makefile
        deleted:    ../ex04/test.txt
        deleted:    ../ex04/test.txt.replace

no changes added to commit (use "git add" and/or "git commit -a")

[ivnxptrv@frutro:~/cpp/modules/cpp01/ex06]$ git add -A

[ivnxptrv@frutro:~/cpp/modules/cpp01/ex06]$ git commit -m "add some cleanups"
[master ccd4e40] add some cleanups
 Committer: Ivan Petrov <ivnxptrv@frutro.localdomain>
Your name and email address were configured automatically based
on your username and hostname. Please check that they are accurate.
You can suppress this message by setting them explicitly. Run the
following command and follow the instructions in your editor to edit
your configuration file:

    git config --global --edit

After doing this, you may fix the identity used for this commit with:

    git commit --amend --reset-author

 7 files changed, 13 insertions(+), 3 deletions(-)
 delete mode 100755 modules/cpp01/ex01/zombie
 delete mode 100755 modules/cpp01/ex02/barin
 delete mode 100644 modules/cpp01/ex04/test.txt
 delete mode 100644 modules/cpp01/ex04/test.txt.replace

[ivnxptrv@frutro:~/cpp/modules/cpp01/ex06]$ git push
Enumerating objects: 21, done.
Counting objects: 100% (21/21), done.
Delta compression using up to 12 threads
Compressing objects: 100% (11/11), done.
Writing objects: 100% (11/11), 6.71 KiB | 2.24 MiB/s, done.
Total 11 (delta 7), reused 0 (delta 0), pack-reused 0
remote: Resolving deltas: 100% (7/7), completed with 7 local objects.
To github.com:IVNXPTRV/cpp.git
   ba4bee5..ccd4e40  master -> master

[ivnxptrv@frutro:~/cpp/modules/cpp01/ex06]$ cd ../ex04

[ivnxptrv@frutro:~/cpp/modules/cpp01/ex04]$ tree -a
.
 .clangd
 include
  HumanA.hpp
  HumanB.hpp
  Weapon.hpp
 Makefile
 .project
 src
     main.cpp

3 directories, 7 files

[ivnxptrv@frutro:~/cpp/modules/cpp01/ex04]$ rm -rf include/

[ivnxptrv@frutro:~/cpp/modules/cpp01/ex04]$ ls -la
total 20
drwxr-xr-x 3 ivnxptrv ivnxptrv 4096 Nov  1 03:13 .
drwxr-xr-x 9 ivnxptrv ivnxptrv 4096 Nov  1 01:10 ..
-rw-r--r-- 1 ivnxptrv ivnxptrv   73 Oct 28 20:15 .clangd
-rw-r--r-- 1 ivnxptrv ivnxptrv 1107 Nov  1 02:42 Makefile
-rw-r--r-- 1 ivnxptrv ivnxptrv    0 Oct 28 20:02 .project
drwxr-xr-x 2 ivnxptrv ivnxptrv 4096 Oct 31 22:31 src

[ivnxptrv@frutro:~/cpp/modules/cpp01/ex04]$ cd ..

[ivnxptrv@frutro:~/cpp/modules/cpp01]$ tree -a
.
 ex00
  .clangd
  include
   Zombie.hpp
  Makefile
  .project
  src
      main.cpp
      newZombie.cpp
      randomChump.cpp
      Zombie.cpp
 ex01
  .clangd
  include
   Zombie.hpp
  Makefile
  .project
  src
      main.cpp
      Zombie.cpp
      zombieHorde.cpp
 ex02
  .clangd
  Makefile
  .project
  src
      main.cpp
 ex03
  .clangd
  dep
   HumanA.d
   HumanB.d
   main.d
   Weapon.d
  human
  include
   HumanA.hpp
   HumanB.hpp
   Weapon.hpp
  Makefile
  obj
   HumanA.o
   HumanB.o
   main.o
   Weapon.o
  .project
  src
      HumanA.cpp
      HumanB.cpp
      main.cpp
      mkclass.sh
      Weapon.cpp
 ex04
  .clangd
  Makefile
  .project
  src
      main.cpp
 ex05
  .clangd
  dep
   Harl.d
   main.d
  harl
  include
   Harl.hpp
  Makefile
  obj
   Harl.o
   main.o
  .project
  src
      Harl.cpp
      main.cpp
 ex06
     .clangd
     include
      Harl.hpp
     Makefile
     .project
     src
         Harl.cpp
         main.cpp

24 directories, 60 files

[ivnxptrv@frutro:~/cpp/modules/cpp01]$ tree -a
.
 ex00
  .clangd
  include
   Zombie.hpp
  Makefile
  .project
  src
      main.cpp
      newZombie.cpp
      randomChump.cpp
      Zombie.cpp
 ex01
  .clangd
  include
   Zombie.hpp
  Makefile
  .project
  src
      main.cpp
      Zombie.cpp
      zombieHorde.cpp
 ex02
  .clangd
  Makefile
  .project
  src
      main.cpp
 ex03
  .clangd
  dep
   HumanA.d
   HumanB.d
   main.d
   Weapon.d
  human
  include
   HumanA.hpp
   HumanB.hpp
   Weapon.hpp
  Makefile
  obj
   HumanA.o
   HumanB.o
   main.o
   Weapon.o
  .project
  src
      HumanA.cpp
      HumanB.cpp
      main.cpp
      Weapon.cpp
 ex04
  .clangd
  Makefile
  .project
  src
      main.cpp
 ex05
  .clangd
  dep
   Harl.d
   main.d
  harl
  include
   Harl.hpp
  Makefile
  obj
   Harl.o
   main.o
  .project
  src
      Harl.cpp
      main.cpp
 ex06
     .clangd
     include
      Harl.hpp
     Makefile
     .project
     src
         Harl.cpp
         main.cpp

24 directories, 59 files

[ivnxptrv@frutro:~/cpp/modules/cpp01]$ cd ./ex05

[ivnxptrv@frutro:~/cpp/modules/cpp01/ex05]$ make fclean
rm -rf obj
rm -rf dep
rm -rf harl 

[ivnxptrv@frutro:~/cpp/modules/cpp01/ex05]$ ls -la
total 24
drwxr-xr-x 4 ivnxptrv ivnxptrv 4096 Nov  1 03:14 .
drwxr-xr-x 9 ivnxptrv ivnxptrv 4096 Nov  1 01:10 ..
-rw-r--r-- 1 ivnxptrv ivnxptrv   73 Oct 28 20:15 .clangd
drwxr-xr-x 2 ivnxptrv ivnxptrv 4096 Nov  1 00:41 include
-rw-r--r-- 1 ivnxptrv ivnxptrv  719 Nov  1 00:39 Makefile
-rw-r--r-- 1 ivnxptrv ivnxptrv    0 Oct 28 20:02 .project
drwxr-xr-x 2 ivnxptrv ivnxptrv 4096 Nov  1 00:53 src

[ivnxptrv@frutro:~/cpp/modules/cpp01/ex05]$ cd ..

[ivnxptrv@frutro:~/cpp/modules/cpp01]$ tree -a
.
 ex00
  .clangd
  include
   Zombie.hpp
  Makefile
  .project
  src
      main.cpp
      newZombie.cpp
      randomChump.cpp
      Zombie.cpp
 ex01
  .clangd
  include
   Zombie.hpp
  Makefile
  .project
  src
      main.cpp
      Zombie.cpp
      zombieHorde.cpp
 ex02
  .clangd
  Makefile
  .project
  src
      main.cpp
 ex03
  .clangd
  dep
   HumanA.d
   HumanB.d
   main.d
   Weapon.d
  human
  include
   HumanA.hpp
   HumanB.hpp
   Weapon.hpp
  Makefile
  obj
   HumanA.o
   HumanB.o
   main.o
   Weapon.o
  .project
  src
      HumanA.cpp
      HumanB.cpp
      main.cpp
      Weapon.cpp
 ex04
  .clangd
  Makefile
  .project
  src
      main.cpp
 ex05
  .clangd
  include
   Harl.hpp
  Makefile
  .project
  src
      Harl.cpp
      main.cpp
 ex06
     .clangd
     include
      Harl.hpp
     Makefile
     .project
     src
         Harl.cpp
         main.cpp

22 directories, 54 files

[ivnxptrv@frutro:~/cpp/modules/cpp01]$ cd ./ex03

[ivnxptrv@frutro:~/cpp/modules/cpp01/ex03]$ makr fclean
bash: makr: command not found

[ivnxptrv@frutro:~/cpp/modules/cpp01/ex03]$ make fclean
rm -rf obj
rm -rf dep
rm -rf human 

[ivnxptrv@frutro:~/cpp/modules/cpp01/ex03]$ cd ..

[ivnxptrv@frutro:~/cpp/modules/cpp01]$ tree -a
.
 ex00
  .clangd
  include
   Zombie.hpp
  Makefile
  .project
  src
      main.cpp
      newZombie.cpp
      randomChump.cpp
      Zombie.cpp
 ex01
  .clangd
  include
   Zombie.hpp
  Makefile
  .project
  src
      main.cpp
      Zombie.cpp
      zombieHorde.cpp
 ex02
  .clangd
  Makefile
  .project
  src
      main.cpp
 ex03
  .clangd
  include
   HumanA.hpp
   HumanB.hpp
   Weapon.hpp
  Makefile
  .project
  src
      HumanA.cpp
      HumanB.cpp
      main.cpp
      Weapon.cpp
 ex04
  .clangd
  Makefile
  .project
  src
      main.cpp
 ex05
  .clangd
  include
   Harl.hpp
  Makefile
  .project
  src
      Harl.cpp
      main.cpp
 ex06
     .clangd
     include
      Harl.hpp
     Makefile
     .project
     src
         Harl.cpp
         main.cpp

20 directories, 45 files

[ivnxptrv@frutro:~/cpp/modules/cpp01]$ git add -A

[ivnxptrv@frutro:~/cpp/modules/cpp01]$ git commit -m "delete extra files"
[master ade3051] delete extra files
 Committer: Ivan Petrov <ivnxptrv@frutro.localdomain>
Your name and email address were configured automatically based
on your username and hostname. Please check that they are accurate.
You can suppress this message by setting them explicitly. Run the
following command and follow the instructions in your editor to edit
your configuration file:

    git config --global --edit

After doing this, you may fix the identity used for this commit with:

    git commit --amend --reset-author

 6 files changed, 106 deletions(-)
 delete mode 100755 modules/cpp01/ex03/human
 delete mode 100755 modules/cpp01/ex03/src/mkclass.sh
 delete mode 100644 modules/cpp01/ex04/include/HumanA.hpp
 delete mode 100644 modules/cpp01/ex04/include/HumanB.hpp
 delete mode 100644 modules/cpp01/ex04/include/Weapon.hpp
 delete mode 100755 modules/cpp01/ex05/harl

[ivnxptrv@frutro:~/cpp/modules/cpp01]$ git push
Enumerating objects: 15, done.
Counting objects: 100% (15/15), done.
Delta compression using up to 12 threads
Compressing objects: 100% (8/8), done.
Writing objects: 100% (8/8), 691 bytes | 691.00 KiB/s, done.
Total 8 (delta 5), reused 0 (delta 0), pack-reused 0
remote: Resolving deltas: 100% (5/5), completed with 5 local objects.
To github.com:IVNXPTRV/cpp.git
   ccd4e40..ade3051  master -> master

[ivnxptrv@frutro:~/cpp/modules]$ cd cpp02

[ivnxptrv@frutro:~/cpp/modules/cpp02]$ ls -la
total 12
drwxr-xr-x  3 ivnxptrv ivnxptrv 4096 Nov  1 06:02 .
drwxr-xr-x 12 ivnxptrv ivnxptrv 4096 Nov  1 06:01 ..
drwxr-xr-x  4 ivnxptrv ivnxptrv 4096 Nov  1 02:52 ex00

[ivnxptrv@frutro:~/cpp/modules/cpp02]$ cd ex00

[ivnxptrv@frutro:~/cpp/modules/cpp02/ex00]$ ls -la
total 24
drwxr-xr-x 4 ivnxptrv ivnxptrv 4096 Nov  1 02:52 .
drwxr-xr-x 3 ivnxptrv ivnxptrv 4096 Nov  1 06:02 ..
-rw-r--r-- 1 ivnxptrv ivnxptrv   73 Oct 28 20:15 .clangd
drwxr-xr-x 2 ivnxptrv ivnxptrv 4096 Nov  1 00:41 include
-rw-r--r-- 1 ivnxptrv ivnxptrv  725 Nov  1 01:35 Makefile
-rw-r--r-- 1 ivnxptrv ivnxptrv    0 Oct 28 20:02 .project
drwxr-xr-x 2 ivnxptrv ivnxptrv 4096 Nov  1 00:53 src

[ivnxptrv@frutro:~/cpp/modules/cpp02/ex00]$ make 
c++ -Wall -Wextra -Werror -std=c++98 -MMD -MF  ./dep/main.d -I./include/ -c src/main.cpp -o obj/main.o
c++ -Wall -Wextra -Werror -std=c++98 -MMD -MF  ./dep/Fixed.d -I./include/ -c src/Fixed.cpp -o obj/Fixed.o
c++ ./obj/main.o ./obj/Fixed.o -o fixed

[ivnxptrv@frutro:~/cpp/modules/cpp02/ex00]$ ./fixed
Default constructor called
Copy constructor called
Copy assignment operator called
getRawBits member function called
Default constructor called
Copy assignment operator called
getRawBits member function called
getRawBits member function called
0
getRawBits member function called
0
getRawBits member function called
0
setRawBits member function called
getRawBits member function called
25
Destructor called
Destructor called
Destructor called

[ivnxptrv@frutro:~/cpp/modules/cpp02/ex00]$ ls
dep  fixed  include  Makefile  obj  src

[ivnxptrv@frutro:~/cpp/modules/cpp02/ex00]$ make flcean
make: *** No rule to make target 'flcean'.  Stop.

[ivnxptrv@frutro:~/cpp/modules/cpp02/ex00]$ make fclean
rm -rf obj
rm -rf dep
rm -rf fixed 

[ivnxptrv@frutro:~/cpp/modules/cpp02/ex00]$ git status
On branch master
Your branch is up to date with 'origin/master'.

Untracked files:
  (use "git add <file>..." to include in what will be committed)
        ../

nothing added to commit but untracked files present (use "git add" to track)

[ivnxptrv@frutro:~/cpp/modules/cpp02/ex00]$ git add -A

[ivnxptrv@frutro:~/cpp/modules/cpp02/ex00]$ git commit -m "add finished ex00"
[master bde0152] add finished ex00
 Committer: Ivan Petrov <ivnxptrv@frutro.localdomain>
Your name and email address were configured automatically based
on your username and hostname. Please check that they are accurate.
You can suppress this message by setting them explicitly. Run the
following command and follow the instructions in your editor to edit
your configuration file:

    git config --global --edit

After doing this, you may fix the identity used for this commit with:

    git commit --amend --reset-author

 6 files changed, 117 insertions(+)
 create mode 100644 modules/cpp02/ex00/.clangd
 create mode 100644 modules/cpp02/ex00/.project
 create mode 100644 modules/cpp02/ex00/Makefile
 create mode 100644 modules/cpp02/ex00/include/Fixed.hpp
 create mode 100644 modules/cpp02/ex00/src/Fixed.cpp
 create mode 100644 modules/cpp02/ex00/src/main.cpp

[ivnxptrv@frutro:~/cpp/modules/cpp02/ex00]$ git push
Enumerating objects: 14, done.
Counting objects: 100% (14/14), done.
Delta compression using up to 12 threads
Compressing objects: 100% (10/10), done.
Writing objects: 100% (12/12), 1.75 KiB | 898.00 KiB/s, done.
Total 12 (delta 1), reused 0 (delta 0), pack-reused 0
remote: Resolving deltas: 100% (1/1), completed with 1 local object.
To github.com:IVNXPTRV/cpp.git
   ade3051..bde0152  master -> master

[ivnxptrv@frutro:~/cpp/modules/cpp02/ex00]$ cd ../ex01

[ivnxptrv@frutro:~/cpp/modules/cpp02/ex01]$ make
c++ -Wall -Wextra -Werror -std=c++98 -MMD -MF  ./dep/main.d -I./include/ -c src/main.cpp -o obj/main.o
In file included from /nix/store/dfqlrp0zgq8k21qajn7z6d0yjn9ab9af-gcc-12.3.0/include/c++/12.3.0/ios:44,
                 from /nix/store/dfqlrp0zgq8k21qajn7z6d0yjn9ab9af-gcc-12.3.0/include/c++/12.3.0/ostream:38,
                 from /nix/store/dfqlrp0zgq8k21qajn7z6d0yjn9ab9af-gcc-12.3.0/include/c++/12.3.0/iostream:39,
                 from src/main.cpp:2:
/nix/store/dfqlrp0zgq8k21qajn7z6d0yjn9ab9af-gcc-12.3.0/include/c++/12.3.0/bits/basic_ios.h: In copy constructor std::basic_ios<char>::basic_ios(cons
t std::basic_ios<char>&):
/nix/store/dfqlrp0zgq8k21qajn7z6d0yjn9ab9af-gcc-12.3.0/include/c++/12.3.0/bits/basic_ios.h:67:11: error: std::ios_base::ios_base(const std::ios_base
&) is private within this context
   67 |     class basic_ios : public ios_base
      |           ^~~~~~~~~
In file included from /nix/store/dfqlrp0zgq8k21qajn7z6d0yjn9ab9af-gcc-12.3.0/include/c++/12.3.0/ios:42:
/nix/store/dfqlrp0zgq8k21qajn7z6d0yjn9ab9af-gcc-12.3.0/include/c++/12.3.0/bits/ios_base.h:898:5: note: declared private here
  898 |     ios_base(const ios_base&);
      |     ^~~~~~~~
/nix/store/dfqlrp0zgq8k21qajn7z6d0yjn9ab9af-gcc-12.3.0/include/c++/12.3.0/ostream: In copy constructor std::basic_ostream<char>::basic_ostream(const
 std::basic_ostream<char>&):
/nix/store/dfqlrp0zgq8k21qajn7z6d0yjn9ab9af-gcc-12.3.0/include/c++/12.3.0/ostream:58:11: note: synthesized method std::basic_ios<char>::basic_ios(co
nst std::basic_ios<char>&) first required here
   58 |     class basic_ostream : virtual public basic_ios<_CharT, _Traits>
      |           ^~~~~~~~~~~~~
src/main.cpp: In function int main():
src/main.cpp:12:27: note: synthesized method std::basic_ostream<char>::basic_ostream(const std::basic_ostream<char>&) first required here
   12 |   std::cout << "a is " << a << std::endl;
      |                           ^
In file included from src/main.cpp:4:
./include/Fixed.hpp:26:39: note:   initializing argument 1 of std::ostream& operator<<(std::ostream, const Fixed&)
   26 | std::ostream& operator<<(std::ostream os, const Fixed& number);
      |                          ~~~~~~~~~~~~~^~
make: *** [Makefile:26: obj/main.o] Error 1

[ivnxptrv@frutro:~/cpp/modules/cpp02/ex01]$ make
c++ -Wall -Wextra -Werror -std=c++98 -MMD -MF  ./dep/main.d -I./include/ -c src/main.cpp -o obj/main.o
c++ -Wall -Wextra -Werror -std=c++98 -MMD -MF  ./dep/Fixed.d -I./include/ -c src/Fixed.cpp -o obj/Fixed.o
c++ ./obj/main.o ./obj/Fixed.o -o fixed

[ivnxptrv@frutro:~/cpp/modules/cpp02/ex01]$ ./fixed
Default constructor called
Int constructor called
Float constructor called
Copy constructor called
Copy assignment operator called
getRawBits member function called
Float constructor called
Copy assignment operator called
getRawBits member function called
Destructor called
a is 1234.43
b is 10
c is 42.4219
d is 10
a is 1234 as integer
b is 10 as integer
c is 42 as integer
d is 10 as integer
Destructor called
Destructor called
Destructor called
Destructor called

[ivnxptrv@frutro:~/cpp/modules/cpp02/ex01]$ make
c++ -Wall -Wextra -Werror -std=c++98 -MMD -MF  ./dep/Fixed.d -I./include/ -c src/Fixed.cpp -o obj/Fixed.o
c++ ./obj/main.o ./obj/Fixed.o -o fixed

[ivnxptrv@frutro:~/cpp/modules/cpp02/ex01]$ ./fixed
Default constructor called
Int constructor called
Float constructor called
Copy constructor called
Copy assignment operator called
Float constructor called
Copy assignment operator called
Destructor called
a is 1234.43
b is 10
c is 42.4219
d is 10
a is 1234 as integer
b is 10 as integer
c is 42 as integer
d is 10 as integer
Destructor called
Destructor called
Destructor called
Destructor called

[ivnxptrv@frutro:~/cpp/modules/cpp02/ex01]$ make
c++ -Wall -Wextra -Werror -std=c++98 -MMD -MF  ./dep/main.d -I./include/ -c src/main.cpp -o obj/main.o
c++ ./obj/main.o ./obj/Fixed.o -o fixed

[ivnxptrv@frutro:~/cpp/modules/cpp02/ex01]$ ./fixed
Default constructor called
Int constructor called
Float constructor called
Copy constructor called
Copy assignment operator called
Float constructor called
Copy assignment operator called
Destructor called
a is 1234.43
b is 10
c is 42.4219
d is 10
a is 1234 as integer
b is 10 as integer
c is 42 as integer
d is 10 as integer
d is 10 as float
Destructor called
Destructor called
Destructor called
Destructor called

[ivnxptrv@frutro:~/cpp/modules/cpp02/ex01]$ ./fixed
Default constructor called
Int constructor called
Float constructor called
Copy constructor called
Copy assignment operator called
Float constructor called
Copy assignment operator called
Destructor called
a is 1234.43
b is 10
c is 42.4219
d is 10
a is 1234 as integer
b is 10 as integer
c is 42 as integer
d is 10 as integer
d is 10 as float
Destructor called
Destructor called
Destructor called
Destructor called

[ivnxptrv@frutro:~/cpp/modules/cpp02/ex01]$ ./fixed
Default constructor called
Int constructor called
Float constructor called
Copy constructor called
Copy assignment operator called
Float constructor called
Copy assignment operator called
Destructor called
a is 1234.43
b is 10
c is 42.4219
d is 10
a is 1234 as integer
b is 10 as integer
c is 42 as integer
d is 10 as integer
d is 10 as float
Destructor called
Destructor called
Destructor called
Destructor called

[ivnxptrv@frutro:~/cpp/modules/cpp02/ex01]$ make
c++ -Wall -Wextra -Werror -std=c++98 -MMD -MF  ./dep/main.d -I./include/ -c src/main.cpp -o obj/main.o
c++ ./obj/main.o ./obj/Fixed.o -o fixed

[ivnxptrv@frutro:~/cpp/modules/cpp02/ex01]$ ./fixed
Default constructor called
Int constructor called
Float constructor called
Copy constructor called
Copy assignment operator called
Float constructor called
Copy assignment operator called
Destructor called
a is 1234.43
b is 10
c is 42.4219
d is 10
a is 1234 as integer
b is 10 as integer
c is 42 as integer
d is 10 as integer
Float constructor called
z is 111111 as float
Destructor called
Destructor called
Destructor called
Destructor called
Destructor called

[ivnxptrv@frutro:~/cpp/modules/cpp02/ex01]$ make
c++ -Wall -Wextra -Werror -std=c++98 -MMD -MF  ./dep/main.d -I./include/ -c src/main.cpp -o obj/main.o
c++ ./obj/main.o ./obj/Fixed.o -o fixed

[ivnxptrv@frutro:~/cpp/modules/cpp02/ex01]$ ./fixed
Default constructor called
Int constructor called
Float constructor called
Copy constructor called
Copy assignment operator called
Float constructor called
Copy assignment operator called
Destructor called
a is 1234.43
b is 10
c is 42.4219
d is 10
a is 1234 as integer
b is 10 as integer
c is 42 as integer
d is 10 as integer
Float constructor called
z is 111.109 as float
Destructor called
Destructor called
Destructor called
Destructor called
Destructor called

[ivnxptrv@frutro:~/cpp/modules/cpp02/ex01]$ ./fixed
Default constructor called
Int constructor called
Float constructor called
Copy constructor called
Copy assignment operator called
Float constructor called
Copy assignment operator called
Destructor called
a is 1234.43
b is 10
c is 42.4219
d is 10
a is 1234 as integer
b is 10 as integer
c is 42 as integer
d is 10 as integer
Float constructor called
z is 111.109 as float
Destructor called
Destructor called
Destructor called
Destructor called
Destructor called

[ivnxptrv@frutro:~/cpp/modules/cpp02/ex01]$ make
c++ -Wall -Wextra -Werror -std=c++98 -MMD -MF  ./dep/main.d -I./include/ -c src/main.cpp -o obj/main.o
c++ ./obj/main.o ./obj/Fixed.o -o fixed

[ivnxptrv@frutro:~/cpp/modules/cpp02/ex01]$ ./fixed
Default constructor called
Int constructor called
Float constructor called
Copy constructor called
Copy assignment operator called
Float constructor called
Copy assignment operator called
Destructor called
a is 1234.43
b is 10
c is 42.4219
d is 10
a is 1234 as integer
b is 10 as integer
c is 42 as integer
d is 10 as integer
Float constructor called
z is 111.109 as float
z is 111.109
Destructor called
Destructor called
Destructor called
Destructor called
Destructor called

[ivnxptrv@frutro:~/cpp/modules/cpp02/ex01]$ git status
On branch master
Your branch is up to date with 'origin/master'.

Untracked files:
  (use "git add <file>..." to include in what will be committed)
        ./

nothing added to commit but untracked files present (use "git add" to track)

[ivnxptrv@frutro:~/cpp/modules/cpp02/ex01]$ git add -A

[ivnxptrv@frutro:~/cpp/modules/cpp02/ex01]$ git commit -m "add finished ex01"
[master 65a6f7b] add finished ex01
 Committer: Ivan Petrov <ivnxptrv@frutro.localdomain>
Your name and email address were configured automatically based
on your username and hostname. Please check that they are accurate.
You can suppress this message by setting them explicitly. Run the
following command and follow the instructions in your editor to edit
your configuration file:

    git config --global --edit

After doing this, you may fix the identity used for this commit with:

    git commit --amend --reset-author

 7 files changed, 155 insertions(+)
 create mode 100644 modules/cpp02/ex01/.clangd
 create mode 100644 modules/cpp02/ex01/.project
 create mode 100644 modules/cpp02/ex01/Makefile
 create mode 100755 modules/cpp02/ex01/fixed
 create mode 100644 modules/cpp02/ex01/include/Fixed.hpp
 create mode 100644 modules/cpp02/ex01/src/Fixed.cpp
 create mode 100644 modules/cpp02/ex01/src/main.cpp

[ivnxptrv@frutro:~/cpp/modules/cpp02/ex01]$ git push
Enumerating objects: 16, done.
Counting objects: 100% (16/16), done.
Delta compression using up to 12 threads
Compressing objects: 100% (12/12), done.
Writing objects: 100% (13/13), 7.19 KiB | 2.40 MiB/s, done.
Total 13 (delta 2), reused 0 (delta 0), pack-reused 0
remote: Resolving deltas: 100% (2/2), completed with 2 local objects.
To github.com:IVNXPTRV/cpp.git
   bde0152..65a6f7b  master -> master

[ivnxptrv@frutro:~/cpp/modules/cpp02/ex01]$ cd ..

[ivnxptrv@frutro:~/cpp/modules/cpp02]$ l -la
total 20K
drwxr-xr-x  5 ivnxptrv ivnxptrv 4.0K Nov  1 22:43 .
drwxr-xr-x 12 ivnxptrv ivnxptrv 4.0K Nov  1 06:01 ..
drwxr-xr-x  4 ivnxptrv ivnxptrv 4.0K Nov  1 22:07 ex00
drwxr-xr-x  6 ivnxptrv ivnxptrv 4.0K Nov  1 22:41 ex01
drwxr-xr-x  6 ivnxptrv ivnxptrv 4.0K Nov  1 22:41 ex02

[ivnxptrv@frutro:~/cpp/modules/cpp02]$ cd ex02

[ivnxptrv@frutro:~/cpp/modules/cpp02/ex02]$ ls -la
total 52
drwxr-xr-x 6 ivnxptrv ivnxptrv  4096 Nov  1 22:41 .
drwxr-xr-x 5 ivnxptrv ivnxptrv  4096 Nov  1 22:43 ..
-rw-r--r-- 1 ivnxptrv ivnxptrv    73 Oct 28 20:15 .clangd
drwxr-xr-x 2 ivnxptrv ivnxptrv  4096 Nov  1 22:36 dep
-rwxr-xr-x 1 ivnxptrv ivnxptrv 17744 Nov  1 22:41 fixed
drwxr-xr-x 2 ivnxptrv ivnxptrv  4096 Nov  1 21:50 include
-rw-r--r-- 1 ivnxptrv ivnxptrv   721 Nov  1 22:03 Makefile
drwxr-xr-x 2 ivnxptrv ivnxptrv  4096 Nov  1 22:41 obj
-rw-r--r-- 1 ivnxptrv ivnxptrv     0 Oct 28 20:02 .project
drwxr-xr-x 2 ivnxptrv ivnxptrv  4096 Nov  1 21:50 src

[ivnxptrv@frutro:~/cpp/modules/cpp02/ex02]$ make fclean
rm -rf obj
rm -rf dep
rm -rf fixed 

[ivnxptrv@frutro:~/cpp/modules/cpp02/ex02]$ ls -la
total 24
drwxr-xr-x 4 ivnxptrv ivnxptrv 4096 Nov  1 23:05 .
drwxr-xr-x 5 ivnxptrv ivnxptrv 4096 Nov  1 22:43 ..
-rw-r--r-- 1 ivnxptrv ivnxptrv   73 Oct 28 20:15 .clangd
drwxr-xr-x 2 ivnxptrv ivnxptrv 4096 Nov  1 21:50 include
-rw-r--r-- 1 ivnxptrv ivnxptrv  721 Nov  1 22:03 Makefile
-rw-r--r-- 1 ivnxptrv ivnxptrv    0 Oct 28 20:02 .project
drwxr-xr-x 2 ivnxptrv ivnxptrv 4096 Nov  1 21:50 src

[ivnxptrv@frutro:~/cpp/modules/cpp02/ex02]$ make
c++ -Wall -Wextra -Werror -std=c++98 -MMD -MF  ./dep/main.d -I./include/ -c src/main.cpp -o obj/main.o
c++ -Wall -Wextra -Werror -std=c++98 -MMD -MF  ./dep/Fixed.d -I./include/ -c src/Fixed.cpp -o obj/Fixed.o
c++ ./obj/main.o ./obj/Fixed.o -o fixed

[ivnxptrv@frutro:~/cpp/modules/cpp02/ex02]$ ./fixed
0
0.00390625
0.00390625
0.00390625
0.0078125
10.1016
10.1016

[ivnxptrv@frutro:~/cpp/modules/cpp02/ex02]$ make
c++ -Wall -Wextra -Werror -std=c++98 -MMD -MF  ./dep/main.d -I./include/ -c src/main.cpp -o obj/main.o
c++ ./obj/main.o ./obj/Fixed.o -o fixed

[ivnxptrv@frutro:~/cpp/modules/cpp02/ex02]$ ./fixed
0
0.00390625
0.00390625
0.00390625
0.0078125
10.1016
10.1016
0.007812510.1016

[ivnxptrv@frutro:~/cpp/modules/cpp02/ex02]$ make
c++ -Wall -Wextra -Werror -std=c++98 -MMD -MF  ./dep/main.d -I./include/ -c src/main.cpp -o obj/main.o
c++ ./obj/main.o ./obj/Fixed.o -o fixed

[ivnxptrv@frutro:~/cpp/modules/cpp02/ex02]$ ./fixed
0
0.00390625
0.00390625
0.00390625
0.0078125
10.1016
10.1016
0.0078125 < 10.1016

[ivnxptrv@frutro:~/cpp/modules/cpp02/ex02]$ git status
On branch master
Your branch is up to date with 'origin/master'.

Untracked files:
  (use "git add <file>..." to include in what will be committed)
        ./

nothing added to commit but untracked files present (use "git add" to track)

[ivnxptrv@frutro:~/cpp/modules/cpp02/ex02]$ make fclean
rm -rf obj
rm -rf dep
rm -rf fixed 

[ivnxptrv@frutro:~/cpp/modules/cpp02/ex02]$ git add -A

[ivnxptrv@frutro:~/cpp/modules/cpp02/ex02]$ git commit -m "add finished ex02"
[master 12d3f3c] add finished ex02
 Committer: Ivan Petrov <ivnxptrv@frutro.localdomain>
Your name and email address were configured automatically based
on your username and hostname. Please check that they are accurate.
You can suppress this message by setting them explicitly. Run the
following command and follow the instructions in your editor to edit
your configuration file:

    git config --global --edit

After doing this, you may fix the identity used for this commit with:

    git commit --amend --reset-author

 6 files changed, 238 insertions(+)
 create mode 100644 modules/cpp02/ex02/.clangd
 create mode 100644 modules/cpp02/ex02/.project
 create mode 100644 modules/cpp02/ex02/Makefile
 create mode 100644 modules/cpp02/ex02/include/Fixed.hpp
 create mode 100644 modules/cpp02/ex02/src/Fixed.cpp
 create mode 100644 modules/cpp02/ex02/src/main.cpp

[ivnxptrv@frutro:~/cpp/modules/cpp02/ex02]$ git push\
> ^C

[ivnxptrv@frutro:~/cpp/modules/cpp02/ex02]$ git push
Enumerating objects: 15, done.
Counting objects: 100% (15/15), done.
Delta compression using up to 12 threads
Compressing objects: 100% (11/11), done.
Writing objects: 100% (12/12), 2.40 KiB | 820.00 KiB/s, done.
Total 12 (delta 2), reused 0 (delta 0), pack-reused 0
remote: Resolving deltas: 100% (2/2), completed with 2 local objects.
To github.com:IVNXPTRV/cpp.git
   65a6f7b..12d3f3c  master -> master

[ivnxptrv@frutro:~/cpp/modules/cpp02/ex02]$ cd ../ex03

[ivnxptrv@frutro:~/cpp/modules/cpp02/ex03]$ make
c++ -Wall -Wextra -Werror -std=c++98 -MMD -MF  ./dep/main.d -I./include/ -c src/main.cpp -o obj/main.o
c++ -Wall -Wextra -Werror -std=c++98 -MMD -MF  ./dep/Fixed.d -I./include/ -c src/Fixed.cpp -o obj/Fixed.o
c++ -Wall -Wextra -Werror -std=c++98 -MMD -MF  ./dep/Point.d -I./include/ -c src/Point.cpp -o obj/Point.o
src/Point.cpp:25:1: error: expected declaration before } token
   25 | }
      | ^
make: *** [Makefile:28: obj/Point.o] Error 1

[ivnxptrv@frutro:~/cpp/modules/cpp02/ex03]$ make flcena
make: *** No rule to make target 'flcena'.  Stop.

[ivnxptrv@frutro:~/cpp/modules/cpp02/ex03]$ make flcen
make: *** No rule to make target 'flcen'.  Stop.

[ivnxptrv@frutro:~/cpp/modules/cpp02/ex03]$ make fclean
rm -rf obj
rm -rf dep
rm -rf bsp 

[ivnxptrv@frutro:~/cpp/modules/cpp02/ex03]$ amke
bash: amke: command not found

[ivnxptrv@frutro:~/cpp/modules/cpp02/ex03]$ make
c++ -Wall -Wextra -Werror -std=c++98 -MMD -MF  ./dep/main.d -I./include/ -c src/main.cpp -o obj/main.o
c++ -Wall -Wextra -Werror -std=c++98 -MMD -MF  ./dep/Fixed.d -I./include/ -c src/Fixed.cpp -o obj/Fixed.o
c++ -Wall -Wextra -Werror -std=c++98 -MMD -MF  ./dep/Point.d -I./include/ -c src/Point.cpp -o obj/Point.o
c++ -Wall -Wextra -Werror -std=c++98 -MMD -MF  ./dep/bsp.d -I./include/ -c src/bsp.cpp -o obj/bsp.o
c++ ./obj/main.o ./obj/Fixed.o ./obj/Point.o ./obj/bsp.o -o bsp

[ivnxptrv@frutro:~/cpp/modules/cpp02/ex03]$ make test
valgrind --leak-check=full --show-leak-kinds=all ./bsp  0 0 20 0 10 30 1 1
==18333== Memcheck, a memory error detector
==18333== Copyright (C) 2002-2022, and GNU GPL'd, by Julian Seward et al.
==18333== Using Valgrind-3.22.0 and LibVEX; rerun with -h for copyright info
==18333== Command: ./bsp 0 0 20 0 10 30 1 1
==18333== 
==18333== Invalid read of size 1
==18333==    at 0x484B3F2: strlen (in /nix/store/v8khd37zx2fr59zmvs4497f1yrph1zcg-valgrind-3.22.0/libexec/valgrind/vgpreload_memcheck-amd64-linux.so)
==18333==    by 0x403538: isValidInput(int, char**) (in /home/ivnxptrv/cpp/modules/cpp02/ex03/bsp)
==18333==    by 0x402A4B: main (in /home/ivnxptrv/cpp/modules/cpp02/ex03/bsp)
==18333==  Address 0x9 is not stack'd, malloc'd or (recently) free'd
==18333== 
==18333== 
==18333== Process terminating with default action of signal 11 (SIGSEGV)
==18333==  Access not within mapped region at address 0x9
==18333==    at 0x484B3F2: strlen (in /nix/store/v8khd37zx2fr59zmvs4497f1yrph1zcg-valgrind-3.22.0/libexec/valgrind/vgpreload_memcheck-amd64-linux.so)
==18333==    by 0x403538: isValidInput(int, char**) (in /home/ivnxptrv/cpp/modules/cpp02/ex03/bsp)
==18333==    by 0x402A4B: main (in /home/ivnxptrv/cpp/modules/cpp02/ex03/bsp)
==18333==  If you believe this happened as a result of a stack
==18333==  overflow in your program's main thread (unlikely but
==18333==  possible), you can try to increase the size of the
==18333==  main thread stack using the --main-stacksize= flag.
==18333==  The main thread stack size used in this run was 10022912.
==18333== 
==18333== HEAP SUMMARY:
==18333==     in use at exit: 72,704 bytes in 1 blocks
==18333==   total heap usage: 1 allocs, 0 frees, 72,704 bytes allocated
==18333== 
==18333== 72,704 bytes in 1 blocks are still reachable in loss record 1 of 1
==18333==    at 0x484276B: malloc (in /nix/store/v8khd37zx2fr59zmvs4497f1yrph1zcg-valgrind-3.22.0/libexec/valgrind/vgpreload_memcheck-amd64-linux.so)
==18333==    by 0x4907929: _GLOBAL__sub_I_eh_alloc.cc (in /nix/store/g7mbqlvnfrz032bl5aryaifdk7m45xwr-gcc-12.3.0-lib/lib/libstdc++.so.6.0.30)
==18333==    by 0x4004FBD: call_init (in /nix/store/qdcbgcj27x2kpxj2sf9yfvva7qsgg64g-glibc-2.38-77/lib/ld-linux-x86-64.so.2)
==18333==    by 0x40050AB: _dl_init (in /nix/store/qdcbgcj27x2kpxj2sf9yfvva7qsgg64g-glibc-2.38-77/lib/ld-linux-x86-64.so.2)
==18333==    by 0x401B07F: ??? (in /nix/store/qdcbgcj27x2kpxj2sf9yfvva7qsgg64g-glibc-2.38-77/lib/ld-linux-x86-64.so.2)
==18333==    by 0x8: ???
==18333==    by 0x1FFEFFBF96: ???
==18333==    by 0x1FFEFFBF9C: ???
==18333==    by 0x1FFEFFBF9E: ???
==18333==    by 0x1FFEFFBFA0: ???
==18333==    by 0x1FFEFFBFA3: ???
==18333==    by 0x1FFEFFBFA5: ???
==18333== 
==18333== LEAK SUMMARY:
==18333==    definitely lost: 0 bytes in 0 blocks
==18333==    indirectly lost: 0 bytes in 0 blocks
==18333==      possibly lost: 0 bytes in 0 blocks
==18333==    still reachable: 72,704 bytes in 1 blocks
==18333==         suppressed: 0 bytes in 0 blocks
==18333== 
==18333== For lists of detected and suppressed errors, rerun with: -s
==18333== ERROR SUMMARY: 1 errors from 1 contexts (suppressed: 0 from 0)
make: *** [Makefile:48: leaks] Segmentation fault

[ivnxptrv@frutro:~/cpp/modules/cpp02/ex03]$ 
